Component: ARM Compiler 5.06 update 6 (build 750) Tool: armlink [4d35ed]

==============================================================================

Section Cross References

    stm32f4xx_hal_rcc_ex.o(i.HAL_RCCEx_DisablePLLI2S) refers to stm32f4xx_hal.o(i.HAL_GetTick) for HAL_GetTick
    stm32f4xx_hal_rcc_ex.o(i.HAL_RCCEx_DisablePLLSAI) refers to stm32f4xx_hal.o(i.HAL_GetTick) for HAL_GetTick
    stm32f4xx_hal_rcc_ex.o(i.HAL_RCCEx_EnablePLLI2S) refers to stm32f4xx_hal.o(i.HAL_GetTick) for HAL_GetTick
    stm32f4xx_hal_rcc_ex.o(i.HAL_RCCEx_EnablePLLSAI) refers to stm32f4xx_hal.o(i.HAL_GetTick) for HAL_GetTick
    stm32f4xx_hal_rcc_ex.o(i.HAL_RCCEx_PeriphCLKConfig) refers to stm32f4xx_hal.o(i.HAL_GetTick) for HAL_GetTick
    stm32f4xx_hal_rcc_ex.o(i.HAL_RCC_DeInit) refers to stm32f4xx_hal.o(i.HAL_GetTick) for HAL_GetTick
    stm32f4xx_hal_rcc_ex.o(i.HAL_RCC_DeInit) refers to stm32f4xx_hal.o(i.HAL_InitTick) for HAL_InitTick
    stm32f4xx_hal_rcc_ex.o(i.HAL_RCC_DeInit) refers to system_stm32f4xx.o(.data) for SystemCoreClock
    stm32f4xx_hal_pwr.o(i.HAL_PWR_PVD_IRQHandler) refers to stm32f4xx_hal_pwr.o(i.HAL_PWR_PVDCallback) for HAL_PWR_PVDCallback
    stm32f4xx_hal_pwr_ex.o(i.HAL_PWREx_ControlVoltageScaling) refers to stm32f4xx_hal.o(i.HAL_GetTick) for HAL_GetTick
    stm32f4xx_hal_pwr_ex.o(i.HAL_PWREx_DisableBkUpReg) refers to stm32f4xx_hal.o(i.HAL_GetTick) for HAL_GetTick
    stm32f4xx_hal_pwr_ex.o(i.HAL_PWREx_DisableOverDrive) refers to stm32f4xx_hal.o(i.HAL_GetTick) for HAL_GetTick
    stm32f4xx_hal_pwr_ex.o(i.HAL_PWREx_EnableBkUpReg) refers to stm32f4xx_hal.o(i.HAL_GetTick) for HAL_GetTick
    stm32f4xx_hal_pwr_ex.o(i.HAL_PWREx_EnableOverDrive) refers to stm32f4xx_hal.o(i.HAL_GetTick) for HAL_GetTick
    stm32f4xx_hal_tim_ex.o(i.HAL_TIMEx_ConfigCommutationEvent_DMA) refers to stm32f4xx_hal_tim_ex.o(i.TIMEx_DMACommutationCplt) for TIMEx_DMACommutationCplt
    stm32f4xx_hal_tim_ex.o(i.HAL_TIMEx_ConfigCommutationEvent_DMA) refers to stm32f4xx_hal_tim.o(i.TIM_DMAError) for TIM_DMAError
    stm32f4xx_hal_tim_ex.o(i.HAL_TIMEx_HallSensor_DeInit) refers to stm32f4xx_hal_tim_ex.o(i.HAL_TIMEx_HallSensor_MspDeInit) for HAL_TIMEx_HallSensor_MspDeInit
    stm32f4xx_hal_tim_ex.o(i.HAL_TIMEx_HallSensor_Init) refers to stm32f4xx_hal_tim_ex.o(i.HAL_TIMEx_HallSensor_MspInit) for HAL_TIMEx_HallSensor_MspInit
    stm32f4xx_hal_tim_ex.o(i.HAL_TIMEx_HallSensor_Init) refers to stm32f4xx_hal_tim.o(i.TIM_Base_SetConfig) for TIM_Base_SetConfig
    stm32f4xx_hal_tim_ex.o(i.HAL_TIMEx_HallSensor_Init) refers to stm32f4xx_hal_tim.o(i.TIM_TI1_SetConfig) for TIM_TI1_SetConfig
    stm32f4xx_hal_tim_ex.o(i.HAL_TIMEx_HallSensor_Init) refers to stm32f4xx_hal_tim.o(i.TIM_OC2_SetConfig) for TIM_OC2_SetConfig
    stm32f4xx_hal_tim_ex.o(i.HAL_TIMEx_HallSensor_Start) refers to stm32f4xx_hal_tim.o(i.TIM_CCxChannelCmd) for TIM_CCxChannelCmd
    stm32f4xx_hal_tim_ex.o(i.HAL_TIMEx_HallSensor_Start_DMA) refers to stm32f4xx_hal_tim.o(i.TIM_CCxChannelCmd) for TIM_CCxChannelCmd
    stm32f4xx_hal_tim_ex.o(i.HAL_TIMEx_HallSensor_Start_DMA) refers to stm32f4xx_hal_dma.o(i.HAL_DMA_Start_IT) for HAL_DMA_Start_IT
    stm32f4xx_hal_tim_ex.o(i.HAL_TIMEx_HallSensor_Start_DMA) refers to stm32f4xx_hal_tim.o(i.TIM_DMACaptureCplt) for TIM_DMACaptureCplt
    stm32f4xx_hal_tim_ex.o(i.HAL_TIMEx_HallSensor_Start_DMA) refers to stm32f4xx_hal_tim.o(i.TIM_DMAError) for TIM_DMAError
    stm32f4xx_hal_tim_ex.o(i.HAL_TIMEx_HallSensor_Start_IT) refers to stm32f4xx_hal_tim.o(i.TIM_CCxChannelCmd) for TIM_CCxChannelCmd
    stm32f4xx_hal_tim_ex.o(i.HAL_TIMEx_HallSensor_Stop) refers to stm32f4xx_hal_tim.o(i.TIM_CCxChannelCmd) for TIM_CCxChannelCmd
    stm32f4xx_hal_tim_ex.o(i.HAL_TIMEx_HallSensor_Stop_DMA) refers to stm32f4xx_hal_tim.o(i.TIM_CCxChannelCmd) for TIM_CCxChannelCmd
    stm32f4xx_hal_tim_ex.o(i.HAL_TIMEx_HallSensor_Stop_IT) refers to stm32f4xx_hal_tim.o(i.TIM_CCxChannelCmd) for TIM_CCxChannelCmd
    stm32f4xx_hal_tim_ex.o(i.HAL_TIMEx_OCN_Start) refers to stm32f4xx_hal_tim_ex.o(i.TIM_CCxNChannelCmd) for TIM_CCxNChannelCmd
    stm32f4xx_hal_tim_ex.o(i.HAL_TIMEx_OCN_Start_DMA) refers to stm32f4xx_hal_dma.o(i.HAL_DMA_Start_IT) for HAL_DMA_Start_IT
    stm32f4xx_hal_tim_ex.o(i.HAL_TIMEx_OCN_Start_DMA) refers to stm32f4xx_hal_tim_ex.o(i.TIM_CCxNChannelCmd) for TIM_CCxNChannelCmd
    stm32f4xx_hal_tim_ex.o(i.HAL_TIMEx_OCN_Start_DMA) refers to stm32f4xx_hal_tim.o(i.TIM_DMADelayPulseCplt) for TIM_DMADelayPulseCplt
    stm32f4xx_hal_tim_ex.o(i.HAL_TIMEx_OCN_Start_DMA) refers to stm32f4xx_hal_tim.o(i.TIM_DMAError) for TIM_DMAError
    stm32f4xx_hal_tim_ex.o(i.HAL_TIMEx_OCN_Start_IT) refers to stm32f4xx_hal_tim_ex.o(i.TIM_CCxNChannelCmd) for TIM_CCxNChannelCmd
    stm32f4xx_hal_tim_ex.o(i.HAL_TIMEx_OCN_Stop) refers to stm32f4xx_hal_tim_ex.o(i.TIM_CCxNChannelCmd) for TIM_CCxNChannelCmd
    stm32f4xx_hal_tim_ex.o(i.HAL_TIMEx_OCN_Stop_DMA) refers to stm32f4xx_hal_tim_ex.o(i.TIM_CCxNChannelCmd) for TIM_CCxNChannelCmd
[...]
    .ARM.Collect$$$$0000000F                 0x080001bc   Section        0  entry11a.o(.ARM.Collect$$$$0000000F)
    .ARM.Collect$$$$00002712                 0x080001bc   Section        4  entry2.o(.ARM.Collect$$$$00002712)
    __lit__00000000                          0x080001bc   Data           4  entry2.o(.ARM.Collect$$$$00002712)
    .text                                    0x080001c0   Section       36  startup_stm32f427xx.o(.text)
    $v0                                      0x080001c0   Number         0  startup_stm32f427xx.o(.text)
    .text                                    0x080001e4   Section        0  uldiv.o(.text)
    .text                                    0x08000246   Section        0  memcpya.o(.text)
    .text                                    0x0800026a   Section        0  dadd.o(.text)
    .text                                    0x080003b8   Section        0  dmul.o(.text)
    .text                                    0x0800049c   Section        0  dflti.o(.text)
    .text                                    0x080004be   Section        0  f2d.o(.text)
    .text                                    0x080004e4   Section       48  cdrcmple.o(.text)
    .text                                    0x08000514   Section        0  d2f.o(.text)
    .text                                    0x0800054c   Section        0  uidiv.o(.text)
    .text                                    0x08000578   Section        0  llshl.o(.text)
    .text                                    0x08000596   Section        0  llushr.o(.text)
    .text                                    0x080005b6   Section        0  llsshr.o(.text)
    .text                                    0x080005da   Section        0  fepilogue.o(.text)
    .text                                    0x080005da   Section        0  iusefp.o(.text)
    .text                                    0x08000648   Section        0  depilogue.o(.text)
    .text                                    0x08000702   Section        0  ddiv.o(.text)
    .text                                    0x080007e0   Section        0  dsqrt.o(.text)
    .text                                    0x08000882   Section        0  dfixul.o(.text)
    .text                                    0x080008b4   Section       36  init.o(.text)
    .text                                    0x080008d8   Section        0  __dczerorl2.o(.text)
    i.BusFault_Handler                       0x0800092e   Section        0  stm32f4xx_it.o(i.BusFault_Handler)
    i.CAN1_RX0_IRQHandler                    0x08000930   Section        0  stm32f4xx_it.o(i.CAN1_RX0_IRQHandler)
    i.CAN1_TX_IRQHandler                     0x0800095c   Section        0  stm32f4xx_it.o(i.CAN1_TX_IRQHandler)
    i.CAN_Initialize                         0x08000968   Section        0  can.o(i.CAN_Initialize)
    i.CAN_SendMsg                            0x08000a00   Section        0  can.o(i.CAN_SendMsg)
    i.CanReceiveMsgProcess                   0x08000a08   Section        0  can.o(i.CanReceiveMsgProcess)
    i.DMA2_Stream2_IRQHandler                0x08000ab0   Section        0  stm32f4xx_it.o(i.DMA2_Stream2_IRQHandler)
    i.DMA_CalcBaseAndBitshift                0x08000abc   Section        0  stm32f4xx_hal_dma.o(i.DMA_CalcBaseAndBitshift)
    DMA_CalcBaseAndBitshift                  0x08000abd   Thumb Code    34  stm32f4xx_hal_dma.o(i.DMA_CalcBaseAndBitshift)
    i.DMA_CheckFifoParam                     0x08000ae4   Section        0  stm32f4xx_hal_dma.o(i.DMA_CheckFifoParam)
    DMA_CheckFifoParam                       0x08000ae5   Thumb Code    84  stm32f4xx_hal_dma.o(i.DMA_CheckFifoParam)
    i.DMA_SetConfig                          0x08000b38   Section        0  stm32f4xx_hal_dma.o(i.DMA_SetConfig)
    DMA_SetConfig                            0x08000b39   Thumb Code    40  stm32f4xx_hal_dma.o(i.DMA_SetConfig)
    i.DebugMon_Handler                       0x08000b60   Section        0  stm32f4xx_it.o(i.DebugMon_Handler)
    i.EncoderProcess                         0x08000b64   Section        0  can.o(i.EncoderProcess)
    i.GetEncoderBias                         0x08000c44   Section        0  can.o(i.GetEncoderBias)
    i.HAL_CAN_ActivateNotification           0x08000c5a   Section        0  stm32f4xx_hal_can.o(i.HAL_CAN_ActivateNotification)
    i.HAL_CAN_AddTxMessage                   0x08000c82   Section        0  stm32f4xx_hal_can.o(i.HAL_CAN_AddTxMessage)
    i.HAL_CAN_ConfigFilter                   0x08000d4c   Section        0  stm32f4xx_hal_can.o(i.HAL_CAN_ConfigFilter)
    i.HAL_CAN_ErrorCallback                  0x08000e58   Section        0  stm32f4xx_hal_can.o(i.HAL_CAN_ErrorCallback)
    i.HAL_CAN_GetRxMessage                   0x08000e5a   Section        0  stm32f4xx_hal_can.o(i.HAL_CAN_GetRxMessage)
    i.HAL_CAN_IRQHandler                     0x08000f54   Section        0  stm32f4xx_hal_can.o(i.HAL_CAN_IRQHandler)
    i.HAL_CAN_Init                           0x08001150   Section        0  stm32f4xx_hal_can.o(i.HAL_CAN_Init)
    i.HAL_CAN_MspInit                        0x0800126c   Section        0  stm32f4xx_hal_msp.o(i.HAL_CAN_MspInit)
    i.HAL_CAN_RxFifo0FullCallback            0x080012d4   Section        0  stm32f4xx_hal_can.o(i.HAL_CAN_RxFifo0FullCallback)
    i.HAL_CAN_RxFifo0MsgPendingCallback      0x080012d6   Section        0  stm32f4xx_hal_can.o(i.HAL_CAN_RxFifo0MsgPendingCallback)
    i.HAL_CAN_RxFifo1FullCallback            0x080012d8   Section        0  stm32f4xx_hal_can.o(i.HAL_CAN_RxFifo1FullCallback)
    i.HAL_CAN_RxFifo1MsgPendingCallback      0x080012da   Section        0  stm32f4xx_hal_can.o(i.HAL_CAN_RxFifo1MsgPendingCallback)
    i.HAL_CAN_SleepCallback                  0x080012dc   Section        0  stm32f4xx_hal_can.o(i.HAL_CAN_SleepCallback)
    i.HAL_CAN_Start                          0x080012e0   Section        0  stm32f4xx_hal_can.o(i.HAL_CAN_Start)
    i.HAL_CAN_TxMailbox0AbortCallback        0x08001338   Section        0  stm32f4xx_hal_can.o(i.HAL_CAN_TxMailbox0AbortCallback)
    i.HAL_CAN_TxMailbox0CompleteCallback     0x0800133a   Section        0  stm32f4xx_hal_can.o(i.HAL_CAN_TxMailbox0CompleteCallback)
    i.HAL_CAN_TxMailbox1AbortCallback        0x0800133c   Section        0  stm32f4xx_hal_can.o(i.HAL_CAN_TxMailbox1AbortCallback)
    i.HAL_CAN_TxMailbox1CompleteCallback     0x0800133e   Section        0  stm32f4xx_hal_can.o(i.HAL_CAN_TxMailbox1CompleteCallback)
    i.HAL_CAN_TxMailbox2AbortCallback        0x08001340   Section        0  stm32f4xx_hal_can.o(i.HAL_CAN_TxMailbox2AbortCallback)
    i.HAL_CAN_TxMailbox2CompleteCallback     0x08001342   Section        0  stm32f4xx_hal_can.o(i.HAL_CAN_TxMailbox2CompleteCallback)
    i.HAL_CAN_WakeUpFromRxMsgCallback        0x08001344   Section        0  stm32f4xx_hal_can.o(i.HAL_CAN_WakeUpFromRxMsgCallback)
    i.HAL_DMA_Abort_IT                       0x08001346   Section        0  stm32f4xx_hal_dma.o(i.HAL_DMA_Abort_IT)
    i.HAL_DMA_IRQHandler                     0x0800136c   Section        0  stm32f4xx_hal_dma.o(i.HAL_DMA_IRQHandler)
    i.HAL_DMA_Init                           0x0800150c   Section        0  stm32f4xx_hal_dma.o(i.HAL_DMA_Init)
    i.HAL_DMA_Start                          0x080015e0   Section        0  stm32f4xx_hal_dma.o(i.HAL_DMA_Start)
    i.HAL_Delay                              0x08001628   Section        0  stm32f4xx_hal.o(i.HAL_Delay)
    i.HAL_GPIO_Init                          0x0800164c   Section        0  stm32f4xx_hal_gpio.o(i.HAL_GPIO_Init)
    i.HAL_GPIO_TogglePin                     0x08001818   Section        0  stm32f4xx_hal_gpio.o(i.HAL_GPIO_TogglePin)
    i.HAL_GPIO_WritePin                      0x08001820   Section        0  stm32f4xx_hal_gpio.o(i.HAL_GPIO_WritePin)
    i.HAL_GetTick                            0x0800182c   Section        0  stm32f4xx_hal.o(i.HAL_GetTick)
    i.HAL_IncTick                            0x08001838   Section        0  stm32f4xx_hal.o(i.HAL_IncTick)
    i.HAL_Init                               0x08001848   Section        0  stm32f4xx_hal.o(i.HAL_Init)
    i.HAL_InitTick                           0x0800187c   Section        0  stm32f4xx_hal.o(i.HAL_InitTick)
    i.HAL_MspInit                            0x080018bc   Section        0  stm32f4xx_hal_msp.o(i.HAL_MspInit)
    i.HAL_NVIC_EnableIRQ                     0x08001950   Section        0  stm32f4xx_hal_cortex.o(i.HAL_NVIC_EnableIRQ)
    i.HAL_NVIC_SetPriority                   0x08001968   Section        0  stm32f4xx_hal_cortex.o(i.HAL_NVIC_SetPriority)
    i.HAL_NVIC_SetPriorityGrouping           0x080019a8   Section        0  stm32f4xx_hal_cortex.o(i.HAL_NVIC_SetPriorityGrouping)
    i.HAL_RCC_ClockConfig                    0x080019cc   Section        0  stm32f4xx_hal_rcc.o(i.HAL_RCC_ClockConfig)
    i.HAL_RCC_GetHCLKFreq                    0x08001afc   Section        0  stm32f4xx_hal_rcc.o(i.HAL_RCC_GetHCLKFreq)
    i.HAL_RCC_GetPCLK1Freq                   0x08001b08   Section        0  stm32f4xx_hal_rcc.o(i.HAL_RCC_GetPCLK1Freq)
    i.HAL_RCC_GetPCLK2Freq                   0x08001b28   Section        0  stm32f4xx_hal_rcc.o(i.HAL_RCC_GetPCLK2Freq)
    i.HAL_RCC_GetSysClockFreq                0x08001b48   Section        0  stm32f4xx_hal_rcc.o(i.HAL_RCC_GetSysClockFreq)
    i.HAL_RCC_OscConfig                      0x08001bac   Section        0  stm32f4xx_hal_rcc.o(i.HAL_RCC_OscConfig)
    i.HAL_SPI_Init                           0x08001ec8   Section        0  stm32f4xx_hal_spi.o(i.HAL_SPI_Init)
    i.HAL_SPI_MspInit                        0x08001f48   Section        0  spi.o(i.HAL_SPI_MspInit)
    i.HAL_SPI_TransmitReceive                0x08001f94   Section        0  stm32f4xx_hal_spi.o(i.HAL_SPI_TransmitReceive)
    i.HAL_SYSTICK_CLKSourceConfig            0x0800216c   Section        0  stm32f4xx_hal_cortex.o(i.HAL_SYSTICK_CLKSourceConfig)
    i.HAL_SYSTICK_Callback                   0x08002184   Section        0  stm32f4xx_hal_cortex.o(i.HAL_SYSTICK_Callback)
    i.HAL_SYSTICK_Config                     0x08002186   Section        0  stm32f4xx_hal_cortex.o(i.HAL_SYSTICK_Config)
    i.HAL_SYSTICK_IRQHandler                 0x080021ae   Section        0  stm32f4xx_hal_cortex.o(i.HAL_SYSTICK_IRQHandler)
    i.HAL_TIMEx_MasterConfigSynchronization  0x080021b6   Section        0  stm32f4xx_hal_tim_ex.o(i.HAL_TIMEx_MasterConfigSynchronization)
    i.HAL_TIM_Base_Init                      0x08002206   Section        0  stm32f4xx_hal_tim.o(i.HAL_TIM_Base_Init)
    i.HAL_TIM_Base_MspInit                   0x0800223c   Section        0  tim.o(i.HAL_TIM_Base_MspInit)
    i.HAL_UART_ErrorCallback                 0x08002264   Section        0  stm32f4xx_hal_uart.o(i.HAL_UART_ErrorCallback)
    i.HAL_UART_IRQHandler                    0x08002268   Section        0  stm32f4xx_hal_uart.o(i.HAL_UART_IRQHandler)
    i.HAL_UART_Init                          0x08002378   Section        0  stm32f4xx_hal_uart.o(i.HAL_UART_Init)
    i.HAL_UART_MspInit                       0x080023dc   Section        0  usart.o(i.HAL_UART_MspInit)
    i.HAL_UART_RxCpltCallback                0x080024c0   Section        0  stm32f4xx_hal_uart.o(i.HAL_UART_RxCpltCallback)
    i.HAL_UART_TxCpltCallback                0x080024c2   Section        0  stm32f4xx_hal_uart.o(i.HAL_UART_TxCpltCallback)
    i.HardFault_Handler                      0x080024c4   Section        0  stm32f4xx_it.o(i.HardFault_Handler)
    i.MX_DMA_Init                            0x080024c8   Section        0  dma.o(i.MX_DMA_Init)
    i.MX_GPIO_Init                           0x080024f4   Section        0  gpio.o(i.MX_GPIO_Init)
    i.MX_SPI5_Init                           0x080025c4   Section        0  spi.o(i.MX_SPI5_Init)
    i.MX_TIM6_Init                           0x08002620   Section        0  tim.o(i.MX_TIM6_Init)
    i.MX_USART1_UART_Init                    0x08002664   Section        0  usart.o(i.MX_USART1_UART_Init)
    i.MX_USART6_UART_Init                    0x080026ac   Section        0  usart.o(i.MX_USART6_UART_Init)
    i.MemManage_Handler                      0x080026ec   Section        0  stm32f4xx_it.o(i.MemManage_Handler)
    i.NMI_Handler                            0x080026ee   Section        0  stm32f4xx_it.o(i.NMI_Handler)
    i.NVIC_SetPriority                       0x080026f0   Section        0  stm32f4xx_hal_cortex.o(i.NVIC_SetPriority)
    NVIC_SetPriority                         0x080026f1   Thumb Code    32  stm32f4xx_hal_cortex.o(i.NVIC_SetPriority)
    i.PID_Calc                               0x08002710   Section        0  can.o(i.PID_Calc)
    i.PID_Reset                              0x08002784   Section        0  can.o(i.PID_Reset)
    i.PendSV_Handler                         0x0800279c   Section        0  stm32f4xx_it.o(i.PendSV_Handler)
    i.RCC_IRQHandler                         0x0800279e   Section        0  stm32f4xx_it.o(i.RCC_IRQHandler)
    i.SPI_CheckFlag_BSY                      0x080027a0   Section        0  stm32f4xx_hal_spi.o(i.SPI_CheckFlag_BSY)
    SPI_CheckFlag_BSY                        0x080027a1   Thumb Code    32  stm32f4xx_hal_spi.o(i.SPI_CheckFlag_BSY)
    i.SPI_WaitFlagStateUntilTimeout          0x080027c0   Section        0  stm32f4xx_hal_spi.o(i.SPI_WaitFlagStateUntilTimeout)
    SPI_WaitFlagStateUntilTimeout            0x080027c1   Thumb Code   150  stm32f4xx_hal_spi.o(i.SPI_WaitFlagStateUntilTimeout)
    i.SVC_Handler                            0x08002856   Section        0  stm32f4xx_it.o(i.SVC_Handler)
    i.SysTick_Handler                        0x08002858   Section        0  stm32f4xx_it.o(i.SysTick_Handler)
    i.SystemClock_Config                     0x08002868   Section        0  main.o(i.SystemClock_Config)
    i.SystemInit                             0x08002908   Section        0  system_stm32f4xx.o(i.SystemInit)
    i.TIM_Base_SetConfig                     0x0800295c   Section        0  stm32f4xx_hal_tim.o(i.TIM_Base_SetConfig)
    i.UART_DMAAbortOnError                   0x08002a1c   Section        0  stm32f4xx_hal_uart.o(i.UART_DMAAbortOnError)
    UART_DMAAbortOnError                     0x08002a1d   Thumb Code    16  stm32f4xx_hal_uart.o(i.UART_DMAAbortOnError)
    i.UART_EndRxTransfer                     0x08002a2c   Section        0  stm32f4xx_hal_uart.o(i.UART_EndRxTransfer)
    UART_EndRxTransfer                       0x08002a2d   Thumb Code    28  stm32f4xx_hal_uart.o(i.UART_EndRxTransfer)
    i.UART_Receive_IT                        0x08002a48   Section        0  stm32f4xx_hal_uart.o(i.UART_Receive_IT)
    UART_Receive_IT                          0x08002a49   Thumb Code   140  stm32f4xx_hal_uart.o(i.UART_Receive_IT)
    i.UART_SetConfig                         0x08002ad4   Section        0  stm32f4xx_hal_uart.o(i.UART_SetConfig)
    UART_SetConfig                           0x08002ad5   Thumb Code   676  stm32f4xx_hal_uart.o(i.UART_SetConfig)
    i.UART_Transmit_IT                       0x08002d80   Section        0  stm32f4xx_hal_uart.o(i.UART_Transmit_IT)
    UART_Transmit_IT                         0x08002d81   Thumb Code    98  stm32f4xx_hal_uart.o(i.UART_Transmit_IT)
    i.USART1_IRQHandler                      0x08002de4   Section        0  stm32f4xx_it.o(i.USART1_IRQHandler)
    i.USART6_IRQHandler                      0x08002dfc   Section        0  stm32f4xx_it.o(i.USART6_IRQHandler)
    i.UsageFault_Handler                     0x08002e08   Section        0  stm32f4xx_it.o(i.UsageFault_Handler)
    i._Error_Handler                         0x08002e0a   Section        0  main.o(i._Error_Handler)
    i.__0sprintf                             0x08002e0c   Section        0  printfa.o(i.__0sprintf)
    i.__ARM_fpclassify                       0x08002e34   Section        0  fpclassify.o(i.__ARM_fpclassify)
    i.__hardfp_asin                          0x08002e68   Section        0  asin.o(i.__hardfp_asin)
    i.__hardfp_atan                          0x080031c8   Section        0  atan.o(i.__hardfp_atan)
    i.__hardfp_atan2                         0x080034a0   Section        0  atan2.o(i.__hardfp_atan2)
    i.__hardfp_fabs                          0x08003690   Section        0  fabs.o(i.__hardfp_fabs)
    i.__hardfp_sqrt                          0x080036a4   Section        0  sqrt.o(i.__hardfp_sqrt)
    i.__kernel_poly                          0x0800371e   Section        0  poly.o(i.__kernel_poly)
    i.__mathlib_dbl_infnan                   0x08003816   Section        0  dunder.o(i.__mathlib_dbl_infnan)
    i.__mathlib_dbl_infnan2                  0x0800382a   Section        0  dunder.o(i.__mathlib_dbl_infnan2)
    i.__mathlib_dbl_invalid                  0x08003840   Section        0  dunder.o(i.__mathlib_dbl_invalid)
    i.__mathlib_dbl_underflow                0x08003860   Section        0  dunder.o(i.__mathlib_dbl_underflow)
    i.__scatterload_copy                     0x08003880   Section       14  handlers.o(i.__scatterload_copy)
    i.__scatterload_null                     0x0800388e   Section        2  handlers.o(i.__scatterload_null)
    i.__scatterload_zeroinit                 0x08003890   Section       14  handlers.o(i.__scatterload_zeroinit)
    i.__set_errno                            0x080038a0   Section        0  errno.o(i.__set_errno)
    i._fp_digits                             0x080038ac   Section        0  printfa.o(i._fp_digits)
    _fp_digits                               0x080038ad   Thumb Code   366  printfa.o(i._fp_digits)
    i._printf_core                           0x08003a30   Section        0  printfa.o(i._printf_core)
    _printf_core                             0x08003a31   Thumb Code  1744  printfa.o(i._printf_core)
    i._printf_post_padding                   0x0800410c   Section        0  printfa.o(i._printf_post_padding)
    _printf_post_padding                     0x0800410d   Thumb Code    36  printfa.o(i._printf_post_padding)
    i._printf_pre_padding                    0x08004130   Section        0  printfa.o(i._printf_pre_padding)
    _printf_pre_padding                      0x08004131   Thumb Code    46  printfa.o(i._printf_pre_padding)
    i._sputc                                 0x0800415e   Section        0  printfa.o(i._sputc)
    _sputc                                   0x0800415f   Thumb Code    10  printfa.o(i._sputc)
    i.atan                                   0x08004168   Section        0  atan.o(i.atan)
    i.dbus_uart_init                         0x08004178   Section        0  bsp_uart.o(i.dbus_uart_init)
    i.fabs                                   0x080041c0   Section        0  fabs.o(i.fabs)
    i.imu_ahrs_update                        0x080041d8   Section        0  bsp_imu.o(i.imu_ahrs_update)
    i.imu_attitude_update                    0x08004684   Section        0  bsp_imu.o(i.imu_attitude_update)
    i.init_quaternion                        0x080047f8   Section        0  bsp_imu.o(i.init_quaternion)
    i.inv_sqrt                               0x080049c4   Section        0  bsp_imu.o(i.inv_sqrt)
    i.ist8310_get_data                       0x080049f0   Section        0  bsp_imu.o(i.ist8310_get_data)
    i.ist8310_init                           0x080049fa   Section        0  bsp_imu.o(i.ist8310_init)
    i.ist_reg_read_by_mpu                    0x08004afa   Section        0  bsp_imu.o(i.ist_reg_read_by_mpu)
    ist_reg_read_by_mpu                      0x08004afb   Thumb Code    56  bsp_imu.o(i.ist_reg_read_by_mpu)
    i.ist_reg_write_by_mpu                   0x08004b32   Section        0  bsp_imu.o(i.ist_reg_write_by_mpu)
    ist_reg_write_by_mpu                     0x08004b33   Thumb Code    66  bsp_imu.o(i.ist_reg_write_by_mpu)
    i.led_off                                0x08004b74   Section        0  gpio.o(i.led_off)
    i.main                                   0x08004b98   Section        0  main.o(i.main)
    i.mpu_device_init                        0x08004cf8   Section        0  bsp_imu.o(i.mpu_device_init)
    i.mpu_get_data                           0x08004d5c   Section        0  bsp_imu.o(i.mpu_get_data)
    i.mpu_master_i2c_auto_read_config        0x08004e5c   Section        0  bsp_imu.o(i.mpu_master_i2c_auto_read_config)
    mpu_master_i2c_auto_read_config          0x08004e5d   Thumb Code   142  bsp_imu.o(i.mpu_master_i2c_auto_read_config)
    i.mpu_offset_call                        0x08004eec   Section        0  bsp_imu.o(i.mpu_offset_call)
    i.mpu_read_byte                          0x08004f90   Section        0  bsp_imu.o(i.mpu_read_byte)
    i.mpu_read_bytes                         0x08004fe0   Section        0  bsp_imu.o(i.mpu_read_bytes)
    i.mpu_set_accel_fsr                      0x0800503c   Section        0  bsp_imu.o(i.mpu_set_accel_fsr)
    i.mpu_set_gyro_fsr                       0x08005046   Section        0  bsp_imu.o(i.mpu_set_gyro_fsr)
    i.mpu_write_byte                         0x08005050   Section        0  bsp_imu.o(i.mpu_write_byte)
    i.rc_callback_handler                    0x080050a4   Section        0  bsp_uart.o(i.rc_callback_handler)
    i.set_CM_speed                           0x08005130   Section        0  can.o(i.set_CM_speed)
    i.sqrt                                   0x08005164   Section        0  sqrt.o(i.sqrt)
    i.uart_receive_handler                   0x080051d4   Section        0  bsp_uart.o(i.uart_receive_handler)
    .constdata                               0x08005234   Section        8  stm32f4xx_hal_dma.o(.constdata)
    flagBitshiftOffset                       0x08005234   Data           8  stm32f4xx_hal_dma.o(.constdata)
    .constdata                               0x0800523c   Section       20  bsp_imu.o(.constdata)
    .constdata                               0x08005250   Section       16  system_stm32f4xx.o(.constdata)
    .constdata                               0x08005260   Section        8  system_stm32f4xx.o(.constdata)
    .constdata                               0x08005268   Section       80  asin.o(.constdata)
    pS                                       0x08005268   Data          48  asin.o(.constdata)
    qS                                       0x08005298   Data          32  asin.o(.constdata)
    .constdata                               0x080052b8   Section      152  atan.o(.constdata)
    atanhi                                   0x080052b8   Data          32  atan.o(.constdata)
    atanlo                                   0x080052d8   Data          32  atan.o(.constdata)
    aTodd                                    0x080052f8   Data          40  atan.o(.constdata)
    aTeven                                   0x08005320   Data          48  atan.o(.constdata)
    .constdata                               0x08005350   Section        8  qnan.o(.constdata)
    .conststring                             0x08005358   Section       68  usart.o(.conststring)
    .conststring                             0x0800539c   Section       66  tim.o(.conststring)
    .conststring                             0x080053e0   Section       70  can.o(.conststring)
    .data                                    0x20000000   Section       12  stm32f4xx_hal.o(.data)
    .data                                    0x2000000c   Section        4  main.o(.data)
    .data                                    0x20000010   Section        8  main.o(.data)
    .data                                    0x20000018   Section      468  can.o(.data)
    .data                                    0x200001ec   Section       96  bsp_imu.o(.data)
    tx                                       0x200001ec   Data           1  bsp_imu.o(.data)
    rx                                       0x200001ed   Data           1  bsp_imu.o(.data)
    gx                                       0x2000020c   Data           4  bsp_imu.o(.data)
    gy                                       0x20000210   Data           4  bsp_imu.o(.data)
    gz                                       0x20000214   Data           4  bsp_imu.o(.data)
    ax                                       0x20000218   Data           4  bsp_imu.o(.data)
    ay                                       0x2000021c   Data           4  bsp_imu.o(.data)
    az                                       0x20000220   Data           4  bsp_imu.o(.data)
    mx                                       0x20000224   Data           4  bsp_imu.o(.data)
    my                                       0x20000228   Data           4  bsp_imu.o(.data)
    mz                                       0x2000022c   Data           4  bsp_imu.o(.data)
    tx_buff                                  0x2000023e   Data          14  bsp_imu.o(.data)
    .data                                    0x2000024c   Section        4  system_stm32f4xx.o(.data)
    .data                                    0x20000250   Section        4  errno.o(.data)
    _errno                                   0x20000250   Data           4  errno.o(.data)
    .bss                                     0x20000254   Section      500  main.o(.bss)
    .bss                                     0x20000448   Section       88  spi.o(.bss)
    .bss                                     0x200004a0   Section      224  usart.o(.bss)
    .bss                                     0x20000580   Section       60  tim.o(.bss)
    .bss                                     0x200005bc   Section      744  can.o(.bss)
    .bss                                     0x200008a4   Section       28  can.o(.bss)
    .bss                                     0x200008c0   Section       98  bsp_imu.o(.bss)
    .bss                                     0x20000922   Section       28  bsp_uart.o(.bss)
    STACK                                    0x20000940   Section     1024  startup_stm32f427xx.o(STACK)

    Global Symbols

    Symbol Name                              Value     Ov Type        Size  Object(Section)

    BuildAttributes$$THM_ISAv4$E$P$D$K$B$S$7EM$VFPi3$EXTD16$VFPS$VFMA$PE$A:L22UL41UL21$X:L11$S22US41US21$IEEE1$IW$USESV6$~STKCKD$USESV7$~SHL$OTIME$ROPI$IEEEX$EBA8$MICROLIB$REQ8$PRES8$EABIv2 0x00000000   Number         0  anon$$obj.o ABSOLUTE
    __ARM_use_no_argv                        0x00000000   Number         0  main.o ABSOLUTE
    _printf_a                                0x00000000   Number         0  stubs.o ABSOLUTE
    _printf_c                                0x00000000   Number         0  stubs.o ABSOLUTE
    _printf_charcount                        0x00000000   Number         0  stubs.o ABSOLUTE
    _printf_d                                0x00000000   Number         0  stubs.o ABSOLUTE
    _printf_e                                0x00000000   Number         0  stubs.o ABSOLUTE
    _printf_f                                0x00000000   Number         0  stubs.o ABSOLUTE
    _printf_flags                            0x00000000   Number         0  stubs.o ABSOLUTE
    _printf_fp_dec                           0x00000000   Number         0  stubs.o ABSOLUTE
    _printf_fp_hex                           0x00000000   Number         0  stubs.o ABSOLUTE
    _printf_g                                0x00000000   Number         0  stubs.o ABSOLUTE
    _printf_i                                0x00000000   Number         0  stubs.o ABSOLUTE
    _printf_int_dec                          0x00000000   Number         0  stubs.o ABSOLUTE
    _printf_l                                0x00000000   Number         0  stubs.o ABSOLUTE
    _printf_lc                               0x00000000   Number         0  stubs.o ABSOLUTE
    _printf_ll                               0x00000000   Number         0  stubs.o ABSOLUTE
    _printf_lld                              0x00000000   Number         0  stubs.o ABSOLUTE
    _printf_lli                              0x00000000   Number         0  stubs.o ABSOLUTE
    _printf_llo                              0x00000000   Number         0  stubs.o ABSOLUTE
    _printf_llu                              0x00000000   Number         0  stubs.o ABSOLUTE
    _printf_llx                              0x00000000   Number         0  stubs.o ABSOLUTE
    _printf_longlong_dec                     0x00000000   Number         0  stubs.o ABSOLUTE
    _printf_longlong_hex                     0x00000000   Number         0  stubs.o ABSOLUTE
    _printf_longlong_oct                     0x00000000   Number         0  stubs.o ABSOLUTE
    _printf_ls                               0x00000000   Number         0  stubs.o ABSOLUTE
    _printf_mbtowc                           0x00000000   Number         0  stubs.o ABSOLUTE
    _printf_n                                0x00000000   Number         0  stubs.o ABSOLUTE
    _printf_o                                0x00000000   Number         0  stubs.o ABSOLUTE
    _printf_p                                0x00000000   Number         0  stubs.o ABSOLUTE
    _printf_percent                          0x00000000   Number         0  stubs.o ABSOLUTE
    _printf_pre_padding                      0x00000000   Number         0  stubs.o ABSOLUTE
    _printf_return_value                     0x00000000   Number         0  stubs.o ABSOLUTE
    _printf_s                                0x00000000   Number         0  stubs.o ABSOLUTE
    _printf_sizespec                         0x00000000   Number         0  stubs.o ABSOLUTE
    _printf_str                              0x00000000   Number         0  stubs.o ABSOLUTE
    _printf_truncate_signed                  0x00000000   Number         0  stubs.o ABSOLUTE
    _printf_truncate_unsigned                0x00000000   Number         0  stubs.o ABSOLUTE
    _printf_u                                0x00000000   Number         0  stubs.o ABSOLUTE
    _printf_wc                               0x00000000   Number         0  stubs.o ABSOLUTE
    _printf_wctomb                           0x00000000   Number         0  stubs.o ABSOLUTE
    _printf_widthprec                        0x00000000   Number         0  stubs.o ABSOLUTE
    _printf_x                                0x00000000   Number         0  stubs.o ABSOLUTE
    __cpp_initialize__aeabi_                  - Undefined Weak Reference
    __cxa_finalize                            - Undefined Weak Reference
    _clock_init                               - Undefined Weak Reference
    _microlib_exit                            - Undefined Weak Reference
    __Vectors_Size                           0x000001ac   Number         0  startup_stm32f427xx.o ABSOLUTE
    __Vectors                                0x08000000   Data           4  startup_stm32f427xx.o(RESET)
    __Vectors_End                            0x080001ac   Data           0  startup_stm32f427xx.o(RESET)
    __main                                   0x080001ad   Thumb Code     0  entry.o(.ARM.Collect$$$$00000000)
    _main_stk                                0x080001ad   Thumb Code     0  entry2.o(.ARM.Collect$$$$00000001)
    _main_scatterload                        0x080001b1   Thumb Code     0  entry5.o(.ARM.Collect$$$$00000004)
    __main_after_scatterload                 0x080001b5   Thumb Code     0  entry5.o(.ARM.Collect$$$$00000004)
    _main_clock                              0x080001b5   Thumb Code     0  entry7b.o(.ARM.Collect$$$$00000008)
    _main_cpp_init                           0x080001b5   Thumb Code     0  entry8b.o(.ARM.Collect$$$$0000000A)
    _main_init                               0x080001b5   Thumb Code     0  entry9a.o(.ARM.Collect$$$$0000000B)
    __rt_final_cpp                           0x080001bd   Thumb Code     0  entry10a.o(.ARM.Collect$$$$0000000D)
    __rt_final_exit                          0x080001bd   Thumb Code     0  entry11a.o(.ARM.Collect$$$$0000000F)
    Reset_Handler                            0x080001c1   Thumb Code     8  startup_stm32f427xx.o(.text)
    ADC_IRQHandler                           0x080001db   Thumb Code     0  startup_stm32f427xx.o(.text)
    CAN1_RX1_IRQHandler                      0x080001db   Thumb Code     0  startup_stm32f427xx.o(.text)
    CAN1_SCE_IRQHandler                      0x080001db   Thumb Code     0  startup_stm32f427xx.o(.text)
    CAN2_RX0_IRQHandler                      0x080001db   Thumb Code     0  startup_stm32f427xx.o(.text)
    CAN2_RX1_IRQHandler                      0x080001db   Thumb Code     0  startup_stm32f427xx.o(.text)
    CAN2_SCE_IRQHandler                      0x080001db   Thumb Code     0  startup_stm32f427xx.o(.text)
    CAN2_TX_IRQHandler                       0x080001db   Thumb Code     0  startup_stm32f427xx.o(.text)
    DCMI_IRQHandler                          0x080001db   Thumb Code     0  startup_stm32f427xx.o(.text)
    DMA1_Stream0_IRQHandler                  0x080001db   Thumb Code     0  startup_stm32f427xx.o(.text)
    DMA1_Stream1_IRQHandler                  0x080001db   Thumb Code     0  startup_stm32f427xx.o(.text)
    DMA1_Stream2_IRQHandler                  0x080001db   Thumb Code     0  startup_stm32f427xx.o(.text)
    DMA1_Stream3_IRQHandler                  0x080001db   Thumb Code     0  startup_stm32f427xx.o(.text)
    DMA1_Stream4_IRQHandler                  0x080001db   Thumb Code     0  startup_stm32f427xx.o(.text)
    DMA1_Stream5_IRQHandler                  0x080001db   Thumb Code     0  startup_stm32f427xx.o(.text)
    DMA1_Stream6_IRQHandler                  0x080001db   Thumb Code     0  startup_stm32f427xx.o(.text)
    DMA1_Stream7_IRQHandler                  0x080001db   Thumb Code     0  startup_stm32f427xx.o(.text)
    DMA2D_IRQHandler                         0x080001db   Thumb Code     0  startup_stm32f427xx.o(.text)
    DMA2_Stream0_IRQHandler                  0x080001db   Thumb Code     0  startup_stm32f427xx.o(.text)
    DMA2_Stream1_IRQHandler                  0x080001db   Thumb Code     0  startup_stm32f427xx.o(.text)
    DMA2_Stream3_IRQHandler                  0x080001db   Thumb Code     0  startup_stm32f427xx.o(.text)
    DMA2_Stream4_IRQHandler                  0x080001db   Thumb Code     0  startup_stm32f427xx.o(.text)
    DMA2_Stream5_IRQHandler                  0x080001db   Thumb Code     0  startup_stm32f427xx.o(.text)
    DMA2_Stream6_IRQHandler                  0x080001db   Thumb Code     0  startup_stm32f427xx.o(.text)
    DMA2_Stream7_IRQHandler                  0x080001db   Thumb Code     0  startup_stm32f427xx.o(.text)
    ETH_IRQHandler                           0x080001db   Thumb Code     0  startup_stm32f427xx.o(.text)
    ETH_WKUP_IRQHandler                      0x080001db   Thumb Code     0  startup_stm32f427xx.o(.text)
    EXTI0_IRQHandler                         0x080001db   Thumb Code     0  startup_stm32f427xx.o(.text)
    EXTI15_10_IRQHandler                     0x080001db   Thumb Code     0  startup_stm32f427xx.o(.text)
    EXTI1_IRQHandler                         0x080001db   Thumb Code     0  startup_stm32f427xx.o(.text)
    EXTI2_IRQHandler                         0x080001db   Thumb Code     0  startup_stm32f427xx.o(.text)
    EXTI3_IRQHandler                         0x080001db   Thumb Code     0  startup_stm32f427xx.o(.text)
    EXTI4_IRQHandler                         0x080001db   Thumb Code     0  startup_stm32f427xx.o(.text)
    EXTI9_5_IRQHandler                       0x080001db   Thumb Code     0  startup_stm32f427xx.o(.text)
    FLASH_IRQHandler                         0x080001db   Thumb Code     0  startup_stm32f427xx.o(.text)
    FMC_IRQHandler                           0x080001db   Thumb Code     0  startup_stm32f427xx.o(.text)
    FPU_IRQHandler                           0x080001db   Thumb Code     0  startup_stm32f427xx.o(.text)
    HASH_RNG_IRQHandler                      0x080001db   Thumb Code     0  startup_stm32f427xx.o(.text)
    I2C1_ER_IRQHandler                       0x080001db   Thumb Code     0  startup_stm32f427xx.o(.text)
    I2C1_EV_IRQHandler                       0x080001db   Thumb Code     0  startup_stm32f427xx.o(.text)
    I2C2_ER_IRQHandler                       0x080001db   Thumb Code     0  startup_stm32f427xx.o(.text)
    I2C2_EV_IRQHandler                       0x080001db   Thumb Code     0  startup_stm32f427xx.o(.text)
    I2C3_ER_IRQHandler                       0x080001db   Thumb Code     0  startup_stm32f427xx.o(.text)
    I2C3_EV_IRQHandler                       0x080001db   Thumb Code     0  startup_stm32f427xx.o(.text)
    OTG_FS_IRQHandler                        0x080001db   Thumb Code     0  startup_stm32f427xx.o(.text)
    OTG_FS_WKUP_IRQHandler                   0x080001db   Thumb Code     0  startup_stm32f427xx.o(.text)
    OTG_HS_EP1_IN_IRQHandler                 0x080001db   Thumb Code     0  startup_stm32f427xx.o(.text)
    OTG_HS_EP1_OUT_IRQHandler                0x080001db   Thumb Code     0  startup_stm32f427xx.o(.text)
    OTG_HS_IRQHandler                        0x080001db   Thumb Code     0  startup_stm32f427xx.o(.text)
    OTG_HS_WKUP_IRQHandler                   0x080001db   Thumb Code     0  startup_stm32f427xx.o(.text)
    PVD_IRQHandler                           0x080001db   Thumb Code     0  startup_stm32f427xx.o(.text)
    RTC_Alarm_IRQHandler                     0x080001db   Thumb Code     0  startup_stm32f427xx.o(.text)
    RTC_WKUP_IRQHandler                      0x080001db   Thumb Code     0  startup_stm32f427xx.o(.text)
    SAI1_IRQHandler                          0x080001db   Thumb Code     0  startup_stm32f427xx.o(.text)
    SDIO_IRQHandler                          0x080001db   Thumb Code     0  startup_stm32f427xx.o(.text)
    SPI1_IRQHandler                          0x080001db   Thumb Code     0  startup_stm32f427xx.o(.text)
    SPI2_IRQHandler                          0x080001db   Thumb Code     0  startup_stm32f427xx.o(.text)
    SPI3_IRQHandler                          0x080001db   Thumb Code     0  startup_stm32f427xx.o(.text)
    SPI4_IRQHandler                          0x080001db   Thumb Code     0  startup_stm32f427xx.o(.text)
    SPI5_IRQHandler                          0x080001db   Thumb Code     0  startup_stm32f427xx.o(.text)
    SPI6_IRQHandler                          0x080001db   Thumb Code     0  startup_stm32f427xx.o(.text)
    TAMP_STAMP_IRQHandler                    0x080001db   Thumb Code     0  startup_stm32f427xx.o(.text)
    TIM1_BRK_TIM9_IRQHandler                 0x080001db   Thumb Code     0  startup_stm32f427xx.o(.text)
    TIM1_CC_IRQHandler                       0x080001db   Thumb Code     0  startup_stm32f427xx.o(.text)
    TIM1_TRG_COM_TIM11_IRQHandler            0x080001db   Thumb Code     0  startup_stm32f427xx.o(.text)
    TIM1_UP_TIM10_IRQHandler                 0x080001db   Thumb Code     0  startup_stm32f427xx.o(.text)
    TIM2_IRQHandler                          0x080001db   Thumb Code     0  startup_stm32f427xx.o(.text)
    TIM3_IRQHandler                          0x080001db   Thumb Code     0  startup_stm32f427xx.o(.text)
    TIM4_IRQHandler                          0x080001db   Thumb Code     0  startup_stm32f427xx.o(.text)
    TIM5_IRQHandler                          0x080001db   Thumb Code     0  startup_stm32f427xx.o(.text)
    TIM6_DAC_IRQHandler                      0x080001db   Thumb Code     0  startup_stm32f427xx.o(.text)
    TIM7_IRQHandler                          0x080001db   Thumb Code     0  startup_stm32f427xx.o(.text)
    TIM8_BRK_TIM12_IRQHandler                0x080001db   Thumb Code     0  startup_stm32f427xx.o(.text)
    TIM8_CC_IRQHandler                       0x080001db   Thumb Code     0  startup_stm32f427xx.o(.text)
    TIM8_TRG_COM_TIM14_IRQHandler            0x080001db   Thumb Code     0  startup_stm32f427xx.o(.text)
    TIM8_UP_TIM13_IRQHandler                 0x080001db   Thumb Code     0  startup_stm32f427xx.o(.text)
    UART4_IRQHandler                         0x080001db   Thumb Code     0  startup_stm32f427xx.o(.text)
    UART5_IRQHandler                         0x080001db   Thumb Code     0  startup_stm32f427xx.o(.text)
    UART7_IRQHandler                         0x080001db   Thumb Code     0  startup_stm32f427xx.o(.text)
    UART8_IRQHandler                         0x080001db   Thumb Code     0  startup_stm32f427xx.o(.text)
    USART2_IRQHandler                        0x080001db   Thumb Code     0  startup_stm32f427xx.o(.text)
    USART3_IRQHandler                        0x080001db   Thumb Code     0  startup_stm32f427xx.o(.text)
    WWDG_IRQHandler                          0x080001db   Thumb Code     0  startup_stm32f427xx.o(.text)
    __aeabi_uldivmod                         0x080001e5   Thumb Code    98  uldiv.o(.text)
    __aeabi_memcpy                           0x08000247   Thumb Code    36  memcpya.o(.text)
    __aeabi_memcpy4                          0x08000247   Thumb Code     0  memcpya.o(.text)
    __aeabi_memcpy8                          0x08000247   Thumb Code     0  memcpya.o(.text)
    __aeabi_dadd                             0x0800026b   Thumb Code   322  dadd.o(.text)
    __aeabi_dsub                             0x080003ad   Thumb Code     6  dadd.o(.text)
    __aeabi_drsub                            0x080003b3   Thumb Code     6  dadd.o(.text)
    __aeabi_dmul                             0x080003b9   Thumb Code   228  dmul.o(.text)
    __aeabi_i2d                              0x0800049d   Thumb Code    34  dflti.o(.text)
    __aeabi_f2d                              0x080004bf   Thumb Code    38  f2d.o(.text)
    __aeabi_cdrcmple                         0x080004e5   Thumb Code    48  cdrcmple.o(.text)
    __aeabi_d2f                              0x08000515   Thumb Code    56  d2f.o(.text)
    __aeabi_uidiv                            0x0800054d   Thumb Code     0  uidiv.o(.text)
    __aeabi_uidivmod                         0x0800054d   Thumb Code    44  uidiv.o(.text)
    __aeabi_llsl                             0x08000579   Thumb Code    30  llshl.o(.text)
    _ll_shift_l                              0x08000579   Thumb Code     0  llshl.o(.text)
    __aeabi_llsr                             0x08000597   Thumb Code    32  llushr.o(.text)
    _ll_ushift_r                             0x08000597   Thumb Code     0  llushr.o(.text)
    __aeabi_lasr                             0x080005b7   Thumb Code    36  llsshr.o(.text)
    _ll_sshift_r                             0x080005b7   Thumb Code     0  llsshr.o(.text)
    __I$use$fp                               0x080005db   Thumb Code     0  iusefp.o(.text)
    _float_round                             0x080005db   Thumb Code    18  fepilogue.o(.text)
    _float_epilogue                          0x080005ed   Thumb Code    92  fepilogue.o(.text)
    _double_round                            0x08000649   Thumb Code    30  depilogue.o(.text)
    _double_epilogue                         0x08000667   Thumb Code   156  depilogue.o(.text)
    __aeabi_ddiv                             0x08000703   Thumb Code   222  ddiv.o(.text)
    _dsqrt                                   0x080007e1   Thumb Code   162  dsqrt.o(.text)
    __aeabi_d2ulz                            0x08000883   Thumb Code    48  dfixul.o(.text)
    __scatterload                            0x080008b5   Thumb Code    28  init.o(.text)
    __scatterload_rt2                        0x080008b5   Thumb Code     0  init.o(.text)
    __decompress                             0x080008d9   Thumb Code     0  __dczerorl2.o(.text)
    __decompress1                            0x080008d9   Thumb Code    86  __dczerorl2.o(.text)
    BusFault_Handler                         0x0800092f   Thumb Code     2  stm32f4xx_it.o(i.BusFault_Handler)
    CAN1_RX0_IRQHandler                      0x08000931   Thumb Code    32  stm32f4xx_it.o(i.CAN1_RX0_IRQHandler)
    CAN1_TX_IRQHandler                       0x0800095d   Thumb Code     6  stm32f4xx_it.o(i.CAN1_TX_IRQHandler)
    CAN_Initialize                           0x08000969   Thumb Code   134  can.o(i.CAN_Initialize)
    CAN_SendMsg                              0x08000a01   Thumb Code     6  can.o(i.CAN_SendMsg)
    CanReceiveMsgProcess                     0x08000a09   Thumb Code   160  can.o(i.CanReceiveMsgProcess)
    DMA2_Stream2_IRQHandler                  0x08000ab1   Thumb Code     6  stm32f4xx_it.o(i.DMA2_Stream2_IRQHandler)
    DebugMon_Handler                         0x08000b61   Thumb Code     2  stm32f4xx_it.o(i.DebugMon_Handler)
    EncoderProcess                           0x08000b65   Thumb Code   210  can.o(i.EncoderProcess)
    GetEncoderBias                           0x08000c45   Thumb Code    22  can.o(i.GetEncoderBias)
    HAL_CAN_ActivateNotification             0x08000c5b   Thumb Code    40  stm32f4xx_hal_can.o(i.HAL_CAN_ActivateNotification)
    HAL_CAN_AddTxMessage                     0x08000c83   Thumb Code   200  stm32f4xx_hal_can.o(i.HAL_CAN_AddTxMessage)
    HAL_CAN_ConfigFilter                     0x08000d4d   Thumb Code   262  stm32f4xx_hal_can.o(i.HAL_CAN_ConfigFilter)
    HAL_CAN_ErrorCallback                    0x08000e59   Thumb Code     2  stm32f4xx_hal_can.o(i.HAL_CAN_ErrorCallback)
    HAL_CAN_GetRxMessage                     0x08000e5b   Thumb Code   250  stm32f4xx_hal_can.o(i.HAL_CAN_GetRxMessage)
    HAL_CAN_IRQHandler                       0x08000f55   Thumb Code   508  stm32f4xx_hal_can.o(i.HAL_CAN_IRQHandler)
    HAL_CAN_Init                             0x08001151   Thumb Code   282  stm32f4xx_hal_can.o(i.HAL_CAN_Init)
    HAL_CAN_MspInit                          0x0800126d   Thumb Code    92  stm32f4xx_hal_msp.o(i.HAL_CAN_MspInit)
    HAL_CAN_RxFifo0FullCallback              0x080012d5   Thumb Code     2  stm32f4xx_hal_can.o(i.HAL_CAN_RxFifo0FullCallback)
    HAL_CAN_RxFifo0MsgPendingCallback        0x080012d7   Thumb Code     2  stm32f4xx_hal_can.o(i.HAL_CAN_RxFifo0MsgPendingCallback)
    HAL_CAN_RxFifo1FullCallback              0x080012d9   Thumb Code     2  stm32f4xx_hal_can.o(i.HAL_CAN_RxFifo1FullCallback)
    HAL_CAN_RxFifo1MsgPendingCallback        0x080012db   Thumb Code     2  stm32f4xx_hal_can.o(i.HAL_CAN_RxFifo1MsgPendingCallback)
    HAL_CAN_SleepCallback                    0x080012dd   Thumb Code     2  stm32f4xx_hal_can.o(i.HAL_CAN_SleepCallback)
    HAL_CAN_Start                            0x080012e1   Thumb Code    88  stm32f4xx_hal_can.o(i.HAL_CAN_Start)
    HAL_CAN_TxMailbox0AbortCallback          0x08001339   Thumb Code     2  stm32f4xx_hal_can.o(i.HAL_CAN_TxMailbox0AbortCallback)
    HAL_CAN_TxMailbox0CompleteCallback       0x0800133b   Thumb Code     2  stm32f4xx_hal_can.o(i.HAL_CAN_TxMailbox0CompleteCallback)
    HAL_CAN_TxMailbox1AbortCallback          0x0800133d   Thumb Code     2  stm32f4xx_hal_can.o(i.HAL_CAN_TxMailbox1AbortCallback)
    HAL_CAN_TxMailbox1CompleteCallback       0x0800133f   Thumb Code     2  stm32f4xx_hal_can.o(i.HAL_CAN_TxMailbox1CompleteCallback)
    HAL_CAN_TxMailbox2AbortCallback          0x08001341   Thumb Code     2  stm32f4xx_hal_can.o(i.HAL_CAN_TxMailbox2AbortCallback)
    HAL_CAN_TxMailbox2CompleteCallback       0x08001343   Thumb Code     2  stm32f4xx_hal_can.o(i.HAL_CAN_TxMailbox2CompleteCallback)
    HAL_CAN_WakeUpFromRxMsgCallback          0x08001345   Thumb Code     2  stm32f4xx_hal_can.o(i.HAL_CAN_WakeUpFromRxMsgCallback)
    HAL_DMA_Abort_IT                         0x08001347   Thumb Code    36  stm32f4xx_hal_dma.o(i.HAL_DMA_Abort_IT)
    HAL_DMA_IRQHandler                       0x0800136d   Thumb Code   412  stm32f4xx_hal_dma.o(i.HAL_DMA_IRQHandler)
    HAL_DMA_Init                             0x0800150d   Thumb Code   206  stm32f4xx_hal_dma.o(i.HAL_DMA_Init)
    HAL_DMA_Start                            0x080015e1   Thumb Code    70  stm32f4xx_hal_dma.o(i.HAL_DMA_Start)
    HAL_Delay                                0x08001629   Thumb Code    32  stm32f4xx_hal.o(i.HAL_Delay)
    HAL_GPIO_Init                            0x0800164d   Thumb Code   408  stm32f4xx_hal_gpio.o(i.HAL_GPIO_Init)
    HAL_GPIO_TogglePin                       0x08001819   Thumb Code     8  stm32f4xx_hal_gpio.o(i.HAL_GPIO_TogglePin)
    HAL_GPIO_WritePin                        0x08001821   Thumb Code    10  stm32f4xx_hal_gpio.o(i.HAL_GPIO_WritePin)
    HAL_GetTick                              0x0800182d   Thumb Code     6  stm32f4xx_hal.o(i.HAL_GetTick)
    HAL_IncTick                              0x08001839   Thumb Code    12  stm32f4xx_hal.o(i.HAL_IncTick)
    HAL_Init                                 0x08001849   Thumb Code    48  stm32f4xx_hal.o(i.HAL_Init)
    HAL_InitTick                             0x0800187d   Thumb Code    54  stm32f4xx_hal.o(i.HAL_InitTick)
    HAL_MspInit                              0x080018bd   Thumb Code   142  stm32f4xx_hal_msp.o(i.HAL_MspInit)
    HAL_NVIC_EnableIRQ                       0x08001951   Thumb Code    22  stm32f4xx_hal_cortex.o(i.HAL_NVIC_EnableIRQ)
    HAL_NVIC_SetPriority                     0x08001969   Thumb Code    60  stm32f4xx_hal_cortex.o(i.HAL_NVIC_SetPriority)
    HAL_NVIC_SetPriorityGrouping             0x080019a9   Thumb Code    26  stm32f4xx_hal_cortex.o(i.HAL_NVIC_SetPriorityGrouping)
    HAL_RCC_ClockConfig                      0x080019cd   Thumb Code   286  stm32f4xx_hal_rcc.o(i.HAL_RCC_ClockConfig)
    HAL_RCC_GetHCLKFreq                      0x08001afd   Thumb Code     6  stm32f4xx_hal_rcc.o(i.HAL_RCC_GetHCLKFreq)
    HAL_RCC_GetPCLK1Freq                     0x08001b09   Thumb Code    20  stm32f4xx_hal_rcc.o(i.HAL_RCC_GetPCLK1Freq)
    HAL_RCC_GetPCLK2Freq                     0x08001b29   Thumb Code    20  stm32f4xx_hal_rcc.o(i.HAL_RCC_GetPCLK2Freq)
    HAL_RCC_GetSysClockFreq                  0x08001b49   Thumb Code    88  stm32f4xx_hal_rcc.o(i.HAL_RCC_GetSysClockFreq)
    HAL_RCC_OscConfig                        0x08001bad   Thumb Code   770  stm32f4xx_hal_rcc.o(i.HAL_RCC_OscConfig)
    HAL_SPI_Init                             0x08001ec9   Thumb Code   128  stm32f4xx_hal_spi.o(i.HAL_SPI_Init)
    HAL_SPI_MspInit                          0x08001f49   Thumb Code    64  spi.o(i.HAL_SPI_MspInit)
    HAL_SPI_TransmitReceive                  0x08001f95   Thumb Code   472  stm32f4xx_hal_spi.o(i.HAL_SPI_TransmitReceive)
    HAL_SYSTICK_CLKSourceConfig              0x0800216d   Thumb Code    24  stm32f4xx_hal_cortex.o(i.HAL_SYSTICK_CLKSourceConfig)
    HAL_SYSTICK_Callback                     0x08002185   Thumb Code     2  stm32f4xx_hal_cortex.o(i.HAL_SYSTICK_Callback)
    HAL_SYSTICK_Config                       0x08002187   Thumb Code    40  stm32f4xx_hal_cortex.o(i.HAL_SYSTICK_Config)
    HAL_SYSTICK_IRQHandler                   0x080021af   Thumb Code     8  stm32f4xx_hal_cortex.o(i.HAL_SYSTICK_IRQHandler)
    HAL_TIMEx_MasterConfigSynchronization    0x080021b7   Thumb Code    80  stm32f4xx_hal_tim_ex.o(i.HAL_TIMEx_MasterConfigSynchronization)
    HAL_TIM_Base_Init                        0x08002207   Thumb Code    54  stm32f4xx_hal_tim.o(i.HAL_TIM_Base_Init)
    HAL_TIM_Base_MspInit                     0x0800223d   Thumb Code    30  tim.o(i.HAL_TIM_Base_MspInit)
    HAL_UART_ErrorCallback                   0x08002265   Thumb Code     2  stm32f4xx_hal_uart.o(i.HAL_UART_ErrorCallback)
    HAL_UART_IRQHandler                      0x08002269   Thumb Code   266  stm32f4xx_hal_uart.o(i.HAL_UART_IRQHandler)
    HAL_UART_Init                            0x08002379   Thumb Code    98  stm32f4xx_hal_uart.o(i.HAL_UART_Init)
    HAL_UART_MspInit                         0x080023dd   Thumb Code   194  usart.o(i.HAL_UART_MspInit)
    HAL_UART_RxCpltCallback                  0x080024c1   Thumb Code     2  stm32f4xx_hal_uart.o(i.HAL_UART_RxCpltCallback)
    HAL_UART_TxCpltCallback                  0x080024c3   Thumb Code     2  stm32f4xx_hal_uart.o(i.HAL_UART_TxCpltCallback)
    HardFault_Handler                        0x080024c5   Thumb Code     2  stm32f4xx_it.o(i.HardFault_Handler)
    MX_DMA_Init                              0x080024c9   Thumb Code    40  dma.o(i.MX_DMA_Init)
    MX_GPIO_Init                             0x080024f5   Thumb Code   194  gpio.o(i.MX_GPIO_Init)
    MX_SPI5_Init                             0x080025c5   Thumb Code    66  spi.o(i.MX_SPI5_Init)
    MX_TIM6_Init                             0x08002621   Thumb Code    56  tim.o(i.MX_TIM6_Init)
    MX_USART1_UART_Init                      0x08002665   Thumb Code    54  usart.o(i.MX_USART1_UART_Init)
    MX_USART6_UART_Init                      0x080026ad   Thumb Code    52  usart.o(i.MX_USART6_UART_Init)
    MemManage_Handler                        0x080026ed   Thumb Code     2  stm32f4xx_it.o(i.MemManage_Handler)
    NMI_Handler                              0x080026ef   Thumb Code     2  stm32f4xx_it.o(i.NMI_Handler)
    PID_Calc                                 0x08002711   Thumb Code   116  can.o(i.PID_Calc)
    PID_Reset                                0x08002785   Thumb Code    18  can.o(i.PID_Reset)
    PendSV_Handler                           0x0800279d   Thumb Code     2  stm32f4xx_it.o(i.PendSV_Handler)
    RCC_IRQHandler                           0x0800279f   Thumb Code     2  stm32f4xx_it.o(i.RCC_IRQHandler)
    SVC_Handler                              0x08002857   Thumb Code     2  stm32f4xx_it.o(i.SVC_Handler)
    SysTick_Handler                          0x08002859   Thumb Code    14  stm32f4xx_it.o(i.SysTick_Handler)
    SystemClock_Config                       0x08002869   Thumb Code   150  main.o(i.SystemClock_Config)
    SystemInit                               0x08002909   Thumb Code    66  system_stm32f4xx.o(i.SystemInit)
    TIM_Base_SetConfig                       0x0800295d   Thumb Code   148  stm32f4xx_hal_tim.o(i.TIM_Base_SetConfig)
    USART1_IRQHandler                        0x08002de5   Thumb Code    18  stm32f4xx_it.o(i.USART1_IRQHandler)
    USART6_IRQHandler                        0x08002dfd   Thumb Code     6  stm32f4xx_it.o(i.USART6_IRQHandler)
    UsageFault_Handler                       0x08002e09   Thumb Code     2  stm32f4xx_it.o(i.UsageFault_Handler)
    _Error_Handler                           0x08002e0b   Thumb Code     2  main.o(i._Error_Handler)
    __0sprintf                               0x08002e0d   Thumb Code    34  printfa.o(i.__0sprintf)
    __1sprintf                               0x08002e0d   Thumb Code     0  printfa.o(i.__0sprintf)
    __2sprintf                               0x08002e0d   Thumb Code     0  printfa.o(i.__0sprintf)
    __c89sprintf                             0x08002e0d   Thumb Code     0  printfa.o(i.__0sprintf)
    sprintf                                  0x08002e0d   Thumb Code     0  printfa.o(i.__0sprintf)
    __ARM_fpclassify                         0x08002e35   Thumb Code    48  fpclassify.o(i.__ARM_fpclassify)
    __hardfp_asin                            0x08002e69   Thumb Code   770  asin.o(i.__hardfp_asin)
    __hardfp_atan                            0x080031c9   Thumb Code   622  atan.o(i.__hardfp_atan)
    __hardfp_atan2                           0x080034a1   Thumb Code   432  atan2.o(i.__hardfp_atan2)
    __hardfp_fabs                            0x08003691   Thumb Code    20  fabs.o(i.__hardfp_fabs)
    __hardfp_sqrt                            0x080036a5   Thumb Code   122  sqrt.o(i.__hardfp_sqrt)
    __kernel_poly                            0x0800371f   Thumb Code   248  poly.o(i.__kernel_poly)
    __mathlib_dbl_infnan                     0x08003817   Thumb Code    20  dunder.o(i.__mathlib_dbl_infnan)
    __mathlib_dbl_infnan2                    0x0800382b   Thumb Code    20  dunder.o(i.__mathlib_dbl_infnan2)
    __mathlib_dbl_invalid                    0x08003841   Thumb Code    24  dunder.o(i.__mathlib_dbl_invalid)
    __mathlib_dbl_underflow                  0x08003861   Thumb Code    24  dunder.o(i.__mathlib_dbl_underflow)
    __scatterload_copy                       0x08003881   Thumb Code    14  handlers.o(i.__scatterload_copy)
    __scatterload_null                       0x0800388f   Thumb Code     2  handlers.o(i.__scatterload_null)
    __scatterload_zeroinit                   0x08003891   Thumb Code    14  handlers.o(i.__scatterload_zeroinit)
    __set_errno                              0x080038a1   Thumb Code     6  errno.o(i.__set_errno)
    atan                                     0x08004169   Thumb Code    16  atan.o(i.atan)
    dbus_uart_init                           0x08004179   Thumb Code    64  bsp_uart.o(i.dbus_uart_init)
    fabs                                     0x080041c1   Thumb Code    24  fabs.o(i.fabs)
    imu_ahrs_update                          0x080041d9   Thumb Code  1194  bsp_imu.o(i.imu_ahrs_update)
    imu_attitude_update                      0x08004685   Thumb Code   346  bsp_imu.o(i.imu_attitude_update)
    init_quaternion                          0x080047f9   Thumb Code   360  bsp_imu.o(i.init_quaternion)
    inv_sqrt                                 0x080049c5   Thumb Code    40  bsp_imu.o(i.inv_sqrt)
    ist8310_get_data                         0x080049f1   Thumb Code    10  bsp_imu.o(i.ist8310_get_data)
    ist8310_init                             0x080049fb   Thumb Code   256  bsp_imu.o(i.ist8310_init)
    led_off                                  0x08004b75   Thumb Code    26  gpio.o(i.led_off)
    main                                     0x08004b99   Thumb Code   216  main.o(i.main)
    mpu_device_init                          0x08004cf9   Thumb Code    90  bsp_imu.o(i.mpu_device_init)
    mpu_get_data                             0x08004d5d   Thumb Code   234  bsp_imu.o(i.mpu_get_data)
    mpu_offset_call                          0x08004eed   Thumb Code   160  bsp_imu.o(i.mpu_offset_call)
    mpu_read_byte                            0x08004f91   Thumb Code    68  bsp_imu.o(i.mpu_read_byte)
    mpu_read_bytes                           0x08004fe1   Thumb Code    80  bsp_imu.o(i.mpu_read_bytes)
    mpu_set_accel_fsr                        0x0800503d   Thumb Code    10  bsp_imu.o(i.mpu_set_accel_fsr)
    mpu_set_gyro_fsr                         0x08005047   Thumb Code    10  bsp_imu.o(i.mpu_set_gyro_fsr)
    mpu_write_byte                           0x08005051   Thumb Code    72  bsp_imu.o(i.mpu_write_byte)
    rc_callback_handler                      0x080050a5   Thumb Code   140  bsp_uart.o(i.rc_callback_handler)
    set_CM_speed                             0x08005131   Thumb Code    42  can.o(i.set_CM_speed)
    sqrt                                     0x08005165   Thumb Code   110  sqrt.o(i.sqrt)
    uart_receive_handler                     0x080051d5   Thumb Code    86  bsp_uart.o(i.uart_receive_handler)
    AHBPrescTable                            0x08005250   Data          16  system_stm32f4xx.o(.constdata)
    APBPrescTable                            0x08005260   Data           8  system_stm32f4xx.o(.constdata)
    __mathlib_zero                           0x08005350   Data           8  qnan.o(.constdata)
    Region$$Table$$Base                      0x08005428   Number         0  anon$$obj.o(Region$$Table)
    Region$$Table$$Limit                     0x08005448   Number         0  anon$$obj.o(Region$$Table)
    uwTickFreq                               0x20000000   Data           1  stm32f4xx_hal.o(.data)
    uwTickPrio                               0x20000004   Data           4  stm32f4xx_hal.o(.data)
    uwTick                                   0x20000008   Data           4  stm32f4xx_hal.o(.data)
    count                                    0x2000000c   Data           4  main.o(.data)
    canRxMsg                                 0x20000010   Data           8  main.o(.data)
    can_count                                0x20000018   Data           4  can.o(.data)
    total_rx_device                          0x2000001c   Data           4  can.o(.data)
    all_rx_devices                           0x20000020   Data           4  can.o(.data)
    canTxMsg0                                0x20000024   Data           8  can.o(.data)
    canTxMsg1                                0x2000002c   Data           8  can.o(.data)
    GMYawEncoder                             0x20000034   Data          76  can.o(.data)
    GMPitchEncoder                           0x20000080   Data          76  can.o(.data)
    CM1SpeedPID                              0x200000cc   Data          72  can.o(.data)
    CM2SpeedPID                              0x20000114   Data          72  can.o(.data)
    CM3SpeedPID                              0x2000015c   Data          72  can.o(.data)
    CM4SpeedPID                              0x200001a4   Data          72  can.o(.data)
    id                                       0x200001ee   Data           1  bsp_imu.o(.data)
    q0                                       0x200001f0   Data           4  bsp_imu.o(.data)
    q1                                       0x200001f4   Data           4  bsp_imu.o(.data)
    q2                                       0x200001f8   Data           4  bsp_imu.o(.data)
    q3                                       0x200001fc   Data           4  bsp_imu.o(.data)
    exInt                                    0x20000200   Data           4  bsp_imu.o(.data)
    eyInt                                    0x20000204   Data           4  bsp_imu.o(.data)
    ezInt                                    0x20000208   Data           4  bsp_imu.o(.data)
    last_update                              0x20000230   Data           4  bsp_imu.o(.data)
    now_update                               0x20000234   Data           4  bsp_imu.o(.data)
    ist_buff                                 0x20000238   Data           6  bsp_imu.o(.data)
    SystemCoreClock                          0x2000024c   Data           4  system_stm32f4xx.o(.data)
    buf                                      0x20000254   Data         300  main.o(.bss)
    buffer                                   0x20000380   Data         200  main.o(.bss)
    hspi5                                    0x20000448   Data          88  spi.o(.bss)
    huart1                                   0x200004a0   Data          64  usart.o(.bss)
    huart6                                   0x200004e0   Data          64  usart.o(.bss)
    hdma_usart1_rx                           0x20000520   Data          96  usart.o(.bss)
    htim6                                    0x20000580   Data          60  tim.o(.bss)
    hcan1                                    0x200005bc   Data          40  can.o(.bss)
    CM1Encoder                               0x200005e4   Data          76  can.o(.bss)
    CM2Encoder                               0x20000630   Data          76  can.o(.bss)
    CM3Encoder                               0x2000067c   Data          76  can.o(.bss)
    CM4Encoder                               0x200006c8   Data          76  can.o(.bss)
    GMY_SPEEDPID                             0x20000714   Data          72  can.o(.bss)
    GMY_ANGELPID                             0x2000075c   Data          72  can.o(.bss)
    GMP_SPEEDPID                             0x200007a4   Data          72  can.o(.bss)
    GMP_ANGELPID                             0x200007ec   Data          72  can.o(.bss)
    can1TxHeader0                            0x20000834   Data          24  can.o(.bss)
    test                                     0x2000084c   Data          24  can.o(.bss)
    can1TxHeader1                            0x20000864   Data          24  can.o(.bss)
    can1Filter                               0x2000087c   Data          40  can.o(.bss)
    can1RxHeader                             0x200008a4   Data          28  can.o(.bss)
    imu                                      0x200008c0   Data          52  bsp_imu.o(.bss)
    mpu_buff                                 0x200008f4   Data          14  bsp_imu.o(.bss)
    mpu_data                                 0x20000902   Data          32  bsp_imu.o(.bss)
    dbus_buf                                 0x20000922   Data          18  bsp_uart.o(.bss)
    rc                                       0x20000934   Data          10  bsp_uart.o(.bss)
    __initial_sp                             0x20000d40   Data           0  startup_stm32f427xx.o(STACK)



==============================================================================

Memory Map of the image

  Image Entry point : 0x080001ad

  Load Region LR_IROM1 (Base: 0x08000000, Size: 0x0000569c, Max: 0x00200000, ABSOLUTE, COMPRESSED[0x00005478])

    Execution Region ER_IROM1 (Exec base: 0x08000000, Load base: 0x08000000, Size: 0x00005448, Max: 0x00200000, ABSOLUTE)

    Exec Addr    Load Addr    Size         Type   Attr      Idx    E Section Name        Object

    0x08000000   0x08000000   0x000001ac   Data   RO         3551    RESET               startup_stm32f427xx.o
    0x080001ac   0x080001ac   0x00000000   Code   RO         3832  * .ARM.Collect$$$$00000000  mc_w.l(entry.o)
    0x080001ac   0x080001ac   0x00000004   Code   RO         4165    .ARM.Collect$$$$00000001  mc_w.l(entry2.o)
    0x080001b0   0x080001b0   0x00000004   Code   RO         4168    .ARM.Collect$$$$00000004  mc_w.l(entry5.o)
    0x080001b4   0x080001b4   0x00000000   Code   RO         4170    .ARM.Collect$$$$00000008  mc_w.l(entry7b.o)
    0x080001b4   0x080001b4   0x00000000   Code   RO         4172    .ARM.Collect$$$$0000000A  mc_w.l(entry8b.o)
    0x080001b4   0x080001b4   0x00000008   Code   RO         4173    .ARM.Collect$$$$0000000B  mc_w.l(entry9a.o)
    0x080001bc   0x080001bc   0x00000000   Code   RO         4175    .ARM.Collect$$$$0000000D  mc_w.l(entry10a.o)
    0x080001bc   0x080001bc   0x00000000   Code   RO         4177    .ARM.Collect$$$$0000000F  mc_w.l(entry11a.o)
    0x080001bc   0x080001bc   0x00000004   Code   RO         4166    .ARM.Collect$$$$00002712  mc_w.l(entry2.o)
    0x080001c0   0x080001c0   0x00000024   Code   RO         3552    .text               startup_stm32f427xx.o
    0x080001e4   0x080001e4   0x00000062   Code   RO         3835    .text               mc_w.l(uldiv.o)
    0x08000246   0x08000246   0x00000024   Code   RO         3837    .text               mc_w.l(memcpya.o)
    0x0800026a   0x0800026a   0x0000014e   Code   RO         4120    .text               mf_w.l(dadd.o)
    0x080003b8   0x080003b8   0x000000e4   Code   RO         4122    .text               mf_w.l(dmul.o)
    0x0800049c   0x0800049c   0x00000022   Code   RO         4124    .text               mf_w.l(dflti.o)
    0x080004be   0x080004be   0x00000026   Code   RO         4126    .text               mf_w.l(f2d.o)
    0x080004e4   0x080004e4   0x00000030   Code   RO         4128    .text               mf_w.l(cdrcmple.o)
    0x08000514   0x08000514   0x00000038   Code   RO         4130    .text               mf_w.l(d2f.o)
    0x0800054c   0x0800054c   0x0000002c   Code   RO         4182    .text               mc_w.l(uidiv.o)
    0x08000578   0x08000578   0x0000001e   Code   RO         4184    .text               mc_w.l(llshl.o)
    0x08000596   0x08000596   0x00000020   Code   RO         4186    .text               mc_w.l(llushr.o)
    0x080005b6   0x080005b6   0x00000024   Code   RO         4188    .text               mc_w.l(llsshr.o)
    0x080005da   0x080005da   0x00000000   Code   RO         4199    .text               mc_w.l(iusefp.o)
    0x080005da   0x080005da   0x0000006e   Code   RO         4200    .text               mf_w.l(fepilogue.o)
    0x08000648   0x08000648   0x000000ba   Code   RO         4202    .text               mf_w.l(depilogue.o)
    0x08000702   0x08000702   0x000000de   Code   RO         4204    .text               mf_w.l(ddiv.o)
    0x080007e0   0x080007e0   0x000000a2   Code   RO         4208    .text               mf_w.l(dsqrt.o)
    0x08000882   0x08000882   0x00000030   Code   RO         4210    .text               mf_w.l(dfixul.o)
    0x080008b2   0x080008b2   0x00000002   PAD
    0x080008b4   0x080008b4   0x00000024   Code   RO         4214    .text               mc_w.l(init.o)
    0x080008d8   0x080008d8   0x00000056   Code   RO         4226    .text               mc_w.l(__dczerorl2.o)
    0x0800092e   0x0800092e   0x00000002   Code   RO         3105    i.BusFault_Handler  stm32f4xx_it.o
    0x08000930   0x08000930   0x0000002c   Code   RO         3106    i.CAN1_RX0_IRQHandler  stm32f4xx_it.o
    0x0800095c   0x0800095c   0x0000000c   Code   RO         3107    i.CAN1_TX_IRQHandler  stm32f4xx_it.o
    0x08000968   0x08000968   0x00000098   Code   RO         3405    i.CAN_Initialize    can.o
    0x08000a00   0x08000a00   0x00000006   Code   RO         3406    i.CAN_SendMsg       can.o
    0x08000a06   0x08000a06   0x00000002   PAD
    0x08000a08   0x08000a08   0x000000a8   Code   RO         3407    i.CanReceiveMsgProcess  can.o
    0x08000ab0   0x08000ab0   0x0000000c   Code   RO         3108    i.DMA2_Stream2_IRQHandler  stm32f4xx_it.o
    0x08000abc   0x08000abc   0x00000028   Code   RO         2112    i.DMA_CalcBaseAndBitshift  stm32f4xx_hal_dma.o
    0x08000ae4   0x08000ae4   0x00000054   Code   RO         2113    i.DMA_CheckFifoParam  stm32f4xx_hal_dma.o
    0x08000b38   0x08000b38   0x00000028   Code   RO         2114    i.DMA_SetConfig     stm32f4xx_hal_dma.o
    0x08000b60   0x08000b60   0x00000002   Code   RO         3109    i.DebugMon_Handler  stm32f4xx_it.o
    0x08000b62   0x08000b62   0x00000002   PAD
    0x08000b64   0x08000b64   0x000000e0   Code   RO         3414    i.EncoderProcess    can.o
    0x08000c44   0x08000c44   0x00000016   Code   RO         3415    i.GetEncoderBias    can.o
    0x08000c5a   0x08000c5a   0x00000028   Code   RO         2747    i.HAL_CAN_ActivateNotification  stm32f4xx_hal_can.o
    0x08000c82   0x08000c82   0x000000c8   Code   RO         2748    i.HAL_CAN_AddTxMessage  stm32f4xx_hal_can.o
    0x08000d4a   0x08000d4a   0x00000002   PAD
    0x08000d4c   0x08000d4c   0x0000010c   Code   RO         2749    i.HAL_CAN_ConfigFilter  stm32f4xx_hal_can.o
    0x08000e58   0x08000e58   0x00000002   Code   RO         2752    i.HAL_CAN_ErrorCallback  stm32f4xx_hal_can.o
    0x08000e5a   0x08000e5a   0x000000fa   Code   RO         2755    i.HAL_CAN_GetRxMessage  stm32f4xx_hal_can.o
    0x08000f54   0x08000f54   0x000001fc   Code   RO         2759    i.HAL_CAN_IRQHandler  stm32f4xx_hal_can.o
    0x08001150   0x08001150   0x0000011a   Code   RO         2760    i.HAL_CAN_Init      stm32f4xx_hal_can.o
    0x0800126a   0x0800126a   0x00000002   PAD
    0x0800126c   0x0800126c   0x00000068   Code   RO         2981    i.HAL_CAN_MspInit   stm32f4xx_hal_msp.o
    0x080012d4   0x080012d4   0x00000002   Code   RO         2767    i.HAL_CAN_RxFifo0FullCallback  stm32f4xx_hal_can.o
    0x080012d6   0x080012d6   0x00000002   Code   RO         2768    i.HAL_CAN_RxFifo0MsgPendingCallback  stm32f4xx_hal_can.o
    0x080012d8   0x080012d8   0x00000002   Code   RO         2769    i.HAL_CAN_RxFifo1FullCallback  stm32f4xx_hal_can.o
    0x080012da   0x080012da   0x00000002   Code   RO         2770    i.HAL_CAN_RxFifo1MsgPendingCallback  stm32f4xx_hal_can.o
    0x080012dc   0x080012dc   0x00000002   Code   RO         2771    i.HAL_CAN_SleepCallback  stm32f4xx_hal_can.o
    0x080012de   0x080012de   0x00000002   PAD
    0x080012e0   0x080012e0   0x00000058   Code   RO         2772    i.HAL_CAN_Start     stm32f4xx_hal_can.o
    0x08001338   0x08001338   0x00000002   Code   RO         2774    i.HAL_CAN_TxMailbox0AbortCallback  stm32f4xx_hal_can.o
    0x0800133a   0x0800133a   0x00000002   Code   RO         2775    i.HAL_CAN_TxMailbox0CompleteCallback  stm32f4xx_hal_can.o
    0x0800133c   0x0800133c   0x00000002   Code   RO         2776    i.HAL_CAN_TxMailbox1AbortCallback  stm32f4xx_hal_can.o
    0x0800133e   0x0800133e   0x00000002   Code   RO         2777    i.HAL_CAN_TxMailbox1CompleteCallback  stm32f4xx_hal_can.o
    0x08001340   0x08001340   0x00000002   Code   RO         2778    i.HAL_CAN_TxMailbox2AbortCallback  stm32f4xx_hal_can.o
    0x08001342   0x08001342   0x00000002   Code   RO         2779    i.HAL_CAN_TxMailbox2CompleteCallback  stm32f4xx_hal_can.o
    0x08001344   0x08001344   0x00000002   Code   RO         2781    i.HAL_CAN_WakeUpFromRxMsgCallback  stm32f4xx_hal_can.o
    0x08001346   0x08001346   0x00000024   Code   RO         2116    i.HAL_DMA_Abort_IT  stm32f4xx_hal_dma.o
    0x0800136a   0x0800136a   0x00000002   PAD
    0x0800136c   0x0800136c   0x000001a0   Code   RO         2120    i.HAL_DMA_IRQHandler  stm32f4xx_hal_dma.o
    0x0800150c   0x0800150c   0x000000d4   Code   RO         2121    i.HAL_DMA_Init      stm32f4xx_hal_dma.o
    0x080015e0   0x080015e0   0x00000046   Code   RO         2124    i.HAL_DMA_Start     stm32f4xx_hal_dma.o
    0x08001626   0x08001626   0x00000002   PAD
    0x08001628   0x08001628   0x00000024   Code   RO         1936    i.HAL_Delay         stm32f4xx_hal.o
    0x0800164c   0x0800164c   0x000001cc   Code   RO         1807    i.HAL_GPIO_Init     stm32f4xx_hal_gpio.o
    0x08001818   0x08001818   0x00000008   Code   RO         1810    i.HAL_GPIO_TogglePin  stm32f4xx_hal_gpio.o
    0x08001820   0x08001820   0x0000000a   Code   RO         1811    i.HAL_GPIO_WritePin  stm32f4xx_hal_gpio.o
    0x0800182a   0x0800182a   0x00000002   PAD
    0x0800182c   0x0800182c   0x0000000c   Code   RO         1944    i.HAL_GetTick       stm32f4xx_hal.o
    0x08001838   0x08001838   0x00000010   Code   RO         1948    i.HAL_IncTick       stm32f4xx_hal.o
    0x08001848   0x08001848   0x00000034   Code   RO         1949    i.HAL_Init          stm32f4xx_hal.o
    0x0800187c   0x0800187c   0x00000040   Code   RO         1950    i.HAL_InitTick      stm32f4xx_hal.o
    0x080018bc   0x080018bc   0x00000094   Code   RO         2982    i.HAL_MspInit       stm32f4xx_hal_msp.o
    0x08001950   0x08001950   0x00000016   Code   RO          726    i.HAL_NVIC_EnableIRQ  stm32f4xx_hal_cortex.o
    0x08001966   0x08001966   0x00000002   PAD
    0x08001968   0x08001968   0x00000040   Code   RO          732    i.HAL_NVIC_SetPriority  stm32f4xx_hal_cortex.o
    0x080019a8   0x080019a8   0x00000024   Code   RO          733    i.HAL_NVIC_SetPriorityGrouping  stm32f4xx_hal_cortex.o
    0x080019cc   0x080019cc   0x00000130   Code   RO         2319    i.HAL_RCC_ClockConfig  stm32f4xx_hal_rcc.o
    0x08001afc   0x08001afc   0x0000000c   Code   RO         2324    i.HAL_RCC_GetHCLKFreq  stm32f4xx_hal_rcc.o
    0x08001b08   0x08001b08   0x00000020   Code   RO         2326    i.HAL_RCC_GetPCLK1Freq  stm32f4xx_hal_rcc.o
    0x08001b28   0x08001b28   0x00000020   Code   RO         2327    i.HAL_RCC_GetPCLK2Freq  stm32f4xx_hal_rcc.o
    0x08001b48   0x08001b48   0x00000064   Code   RO         2328    i.HAL_RCC_GetSysClockFreq  stm32f4xx_hal_rcc.o
    0x08001bac   0x08001bac   0x0000031c   Code   RO         2331    i.HAL_RCC_OscConfig  stm32f4xx_hal_rcc.o
    0x08001ec8   0x08001ec8   0x00000080   Code   RO         1498    i.HAL_SPI_Init      stm32f4xx_hal_spi.o
    0x08001f48   0x08001f48   0x0000004c   Code   RO         3218    i.HAL_SPI_MspInit   spi.o
    0x08001f94   0x08001f94   0x000001d8   Code   RO         1507    i.HAL_SPI_TransmitReceive  stm32f4xx_hal_spi.o
    0x0800216c   0x0800216c   0x00000018   Code   RO          735    i.HAL_SYSTICK_CLKSourceConfig  stm32f4xx_hal_cortex.o
    0x08002184   0x08002184   0x00000002   Code   RO          736    i.HAL_SYSTICK_Callback  stm32f4xx_hal_cortex.o
    0x08002186   0x08002186   0x00000028   Code   RO          737    i.HAL_SYSTICK_Config  stm32f4xx_hal_cortex.o
    0x080021ae   0x080021ae   0x00000008   Code   RO          738    i.HAL_SYSTICK_IRQHandler  stm32f4xx_hal_cortex.o
    0x080021b6   0x080021b6   0x00000050   Code   RO          381    i.HAL_TIMEx_MasterConfigSynchronization  stm32f4xx_hal_tim_ex.o
    0x08002206   0x08002206   0x00000036   Code   RO          858    i.HAL_TIM_Base_Init  stm32f4xx_hal_tim.o
    0x0800223c   0x0800223c   0x00000028   Code   RO         3339    i.HAL_TIM_Base_MspInit  tim.o
    0x08002264   0x08002264   0x00000002   Code   RO         2441    i.HAL_UART_ErrorCallback  stm32f4xx_hal_uart.o
    0x08002266   0x08002266   0x00000002   PAD
    0x08002268   0x08002268   0x00000110   Code   RO         2444    i.HAL_UART_IRQHandler  stm32f4xx_hal_uart.o
    0x08002378   0x08002378   0x00000062   Code   RO         2445    i.HAL_UART_Init     stm32f4xx_hal_uart.o
    0x080023da   0x080023da   0x00000002   PAD
    0x080023dc   0x080023dc   0x000000e4   Code   RO         3290    i.HAL_UART_MspInit  usart.o
    0x080024c0   0x080024c0   0x00000002   Code   RO         2451    i.HAL_UART_RxCpltCallback  stm32f4xx_hal_uart.o
    0x080024c2   0x080024c2   0x00000002   Code   RO         2456    i.HAL_UART_TxCpltCallback  stm32f4xx_hal_uart.o
    0x080024c4   0x080024c4   0x00000002   Code   RO         3110    i.HardFault_Handler  stm32f4xx_it.o
    0x080024c6   0x080024c6   0x00000002   PAD
    0x080024c8   0x080024c8   0x0000002c   Code   RO         3381    i.MX_DMA_Init       dma.o
    0x080024f4   0x080024f4   0x000000d0   Code   RO         3259    i.MX_GPIO_Init      gpio.o
    0x080025c4   0x080025c4   0x0000005c   Code   RO         3219    i.MX_SPI5_Init      spi.o
    0x08002620   0x08002620   0x00000044   Code   RO         3340    i.MX_TIM6_Init      tim.o
    0x08002664   0x08002664   0x00000048   Code   RO         3291    i.MX_USART1_UART_Init  usart.o
    0x080026ac   0x080026ac   0x00000040   Code   RO         3292    i.MX_USART6_UART_Init  usart.o
    0x080026ec   0x080026ec   0x00000002   Code   RO         3111    i.MemManage_Handler  stm32f4xx_it.o
    0x080026ee   0x080026ee   0x00000002   Code   RO         3112    i.NMI_Handler       stm32f4xx_it.o
    0x080026f0   0x080026f0   0x00000020   Code   RO          739    i.NVIC_SetPriority  stm32f4xx_hal_cortex.o
    0x08002710   0x08002710   0x00000074   Code   RO         3417    i.PID_Calc          can.o
    0x08002784   0x08002784   0x00000018   Code   RO         3419    i.PID_Reset         can.o
    0x0800279c   0x0800279c   0x00000002   Code   RO         3113    i.PendSV_Handler    stm32f4xx_it.o
    0x0800279e   0x0800279e   0x00000002   Code   RO         3114    i.RCC_IRQHandler    stm32f4xx_it.o
    0x080027a0   0x080027a0   0x00000020   Code   RO         1522    i.SPI_CheckFlag_BSY  stm32f4xx_hal_spi.o
    0x080027c0   0x080027c0   0x00000096   Code   RO         1540    i.SPI_WaitFlagStateUntilTimeout  stm32f4xx_hal_spi.o
    0x08002856   0x08002856   0x00000002   Code   RO         3115    i.SVC_Handler       stm32f4xx_it.o
    0x08002858   0x08002858   0x0000000e   Code   RO         3116    i.SysTick_Handler   stm32f4xx_it.o
    0x08002866   0x08002866   0x00000002   PAD
    0x08002868   0x08002868   0x000000a0   Code   RO         3016    i.SystemClock_Config  main.o
    0x08002908   0x08002908   0x00000054   Code   RO         3754    i.SystemInit        system_stm32f4xx.o
    0x0800295c   0x0800295c   0x000000c0   Code   RO          942    i.TIM_Base_SetConfig  stm32f4xx_hal_tim.o
    0x08002a1c   0x08002a1c   0x00000010   Code   RO         2458    i.UART_DMAAbortOnError  stm32f4xx_hal_uart.o
    0x08002a2c   0x08002a2c   0x0000001c   Code   RO         2468    i.UART_EndRxTransfer  stm32f4xx_hal_uart.o
    0x08002a48   0x08002a48   0x0000008c   Code   RO         2470    i.UART_Receive_IT   stm32f4xx_hal_uart.o
    0x08002ad4   0x08002ad4   0x000002ac   Code   RO         2471    i.UART_SetConfig    stm32f4xx_hal_uart.o
    0x08002d80   0x08002d80   0x00000062   Code   RO         2472    i.UART_Transmit_IT  stm32f4xx_hal_uart.o
    0x08002de2   0x08002de2   0x00000002   PAD
    0x08002de4   0x08002de4   0x00000018   Code   RO         3117    i.USART1_IRQHandler  stm32f4xx_it.o
    0x08002dfc   0x08002dfc   0x0000000c   Code   RO         3118    i.USART6_IRQHandler  stm32f4xx_it.o
    0x08002e08   0x08002e08   0x00000002   Code   RO         3119    i.UsageFault_Handler  stm32f4xx_it.o
    0x08002e0a   0x08002e0a   0x00000002   Code   RO         3017    i._Error_Handler    main.o
    0x08002e0c   0x08002e0c   0x00000028   Code   RO         4076    i.__0sprintf        mc_w.l(printfa.o)
    0x08002e34   0x08002e34   0x00000030   Code   RO         4160    i.__ARM_fpclassify  m_wm.l(fpclassify.o)
    0x08002e64   0x08002e64   0x00000004   PAD
    0x08002e68   0x08002e68   0x00000360   Code   RO         3788    i.__hardfp_asin     m_wm.l(asin.o)
    0x080031c8   0x080031c8   0x000002d8   Code   RO         4132    i.__hardfp_atan     m_wm.l(atan.o)
    0x080034a0   0x080034a0   0x000001f0   Code   RO         3802    i.__hardfp_atan2    m_wm.l(atan2.o)
    0x08003690   0x08003690   0x00000014   Code   RO         3814    i.__hardfp_fabs     m_wm.l(fabs.o)
    0x080036a4   0x080036a4   0x0000007a   Code   RO         3820    i.__hardfp_sqrt     m_wm.l(sqrt.o)
    0x0800371e   0x0800371e   0x000000f8   Code   RO         4162    i.__kernel_poly     m_wm.l(poly.o)
    0x08003816   0x08003816   0x00000014   Code   RO         4147    i.__mathlib_dbl_infnan  m_wm.l(dunder.o)
    0x0800382a   0x0800382a   0x00000014   Code   RO         4148    i.__mathlib_dbl_infnan2  m_wm.l(dunder.o)
    0x0800383e   0x0800383e   0x00000002   PAD
    0x08003840   0x08003840   0x00000020   Code   RO         4149    i.__mathlib_dbl_invalid  m_wm.l(dunder.o)
    0x08003860   0x08003860   0x00000020   Code   RO         4152    i.__mathlib_dbl_underflow  m_wm.l(dunder.o)
    0x08003880   0x08003880   0x0000000e   Code   RO         4220    i.__scatterload_copy  mc_w.l(handlers.o)
    0x0800388e   0x0800388e   0x00000002   Code   RO         4221    i.__scatterload_null  mc_w.l(handlers.o)
    0x08003890   0x08003890   0x0000000e   Code   RO         4222    i.__scatterload_zeroinit  mc_w.l(handlers.o)
    0x0800389e   0x0800389e   0x00000002   PAD
    0x080038a0   0x080038a0   0x0000000c   Code   RO         4194    i.__set_errno       mc_w.l(errno.o)
    0x080038ac   0x080038ac   0x00000184   Code   RO         4081    i._fp_digits        mc_w.l(printfa.o)
    0x08003a30   0x08003a30   0x000006dc   Code   RO         4082    i._printf_core      mc_w.l(printfa.o)
    0x0800410c   0x0800410c   0x00000024   Code   RO         4083    i._printf_post_padding  mc_w.l(printfa.o)
    0x08004130   0x08004130   0x0000002e   Code   RO         4084    i._printf_pre_padding  mc_w.l(printfa.o)
    0x0800415e   0x0800415e   0x0000000a   Code   RO         4086    i._sputc            mc_w.l(printfa.o)
    0x08004168   0x08004168   0x00000010   Code   RO         4134    i.atan              m_wm.l(atan.o)
    0x08004178   0x08004178   0x00000048   Code   RO         3695    i.dbus_uart_init    bsp_uart.o
    0x080041c0   0x080041c0   0x00000018   Code   RO         3816    i.fabs              m_wm.l(fabs.o)
    0x080041d8   0x080041d8   0x000004aa   Code   RO         3559    i.imu_ahrs_update   bsp_imu.o
    0x08004682   0x08004682   0x00000002   PAD
    0x08004684   0x08004684   0x00000174   Code   RO         3560    i.imu_attitude_update  bsp_imu.o
    0x080047f8   0x080047f8   0x000001cc   Code   RO         3561    i.init_quaternion   bsp_imu.o
    0x080049c4   0x080049c4   0x0000002c   Code   RO         3562    i.inv_sqrt          bsp_imu.o
    0x080049f0   0x080049f0   0x0000000a   Code   RO         3563    i.ist8310_get_data  bsp_imu.o
    0x080049fa   0x080049fa   0x00000100   Code   RO         3564    i.ist8310_init      bsp_imu.o
    0x08004afa   0x08004afa   0x00000038   Code   RO         3565    i.ist_reg_read_by_mpu  bsp_imu.o
    0x08004b32   0x08004b32   0x00000042   Code   RO         3566    i.ist_reg_write_by_mpu  bsp_imu.o
    0x08004b74   0x08004b74   0x00000024   Code   RO         3260    i.led_off           gpio.o
    0x08004b98   0x08004b98   0x00000160   Code   RO         3018    i.main              main.o
    0x08004cf8   0x08004cf8   0x00000064   Code   RO         3567    i.mpu_device_init   bsp_imu.o
    0x08004d5c   0x08004d5c   0x00000100   Code   RO         3568    i.mpu_get_data      bsp_imu.o
    0x08004e5c   0x08004e5c   0x0000008e   Code   RO         3569    i.mpu_master_i2c_auto_read_config  bsp_imu.o
    0x08004eea   0x08004eea   0x00000002   PAD
    0x08004eec   0x08004eec   0x000000a4   Code   RO         3570    i.mpu_offset_call   bsp_imu.o
    0x08004f90   0x08004f90   0x00000050   Code   RO         3571    i.mpu_read_byte     bsp_imu.o
    0x08004fe0   0x08004fe0   0x0000005c   Code   RO         3572    i.mpu_read_bytes    bsp_imu.o
    0x0800503c   0x0800503c   0x0000000a   Code   RO         3573    i.mpu_set_accel_fsr  bsp_imu.o
    0x08005046   0x08005046   0x0000000a   Code   RO         3574    i.mpu_set_gyro_fsr  bsp_imu.o
    0x08005050   0x08005050   0x00000054   Code   RO         3575    i.mpu_write_byte    bsp_imu.o
    0x080050a4   0x080050a4   0x0000008c   Code   RO         3697    i.rc_callback_handler  bsp_uart.o
    0x08005130   0x08005130   0x00000034   Code   RO         3421    i.set_CM_speed      can.o
    0x08005164   0x08005164   0x0000006e   Code   RO         3822    i.sqrt              m_wm.l(sqrt.o)
    0x080051d2   0x080051d2   0x00000002   PAD
    0x080051d4   0x080051d4   0x00000060   Code   RO         3698    i.uart_receive_handler  bsp_uart.o
    0x08005234   0x08005234   0x00000008   Data   RO         2127    .constdata          stm32f4xx_hal_dma.o
    0x0800523c   0x0800523c   0x00000014   Data   RO         3577    .constdata          bsp_imu.o
    0x08005250   0x08005250   0x00000010   Data   RO         3755    .constdata          system_stm32f4xx.o
    0x08005260   0x08005260   0x00000008   Data   RO         3756    .constdata          system_stm32f4xx.o
    0x08005268   0x08005268   0x00000050   Data   RO         3791    .constdata          m_wm.l(asin.o)
    0x080052b8   0x080052b8   0x00000098   Data   RO         4135    .constdata          m_wm.l(atan.o)
    0x08005350   0x08005350   0x00000008   Data   RO         4164    .constdata          m_wm.l(qnan.o)
    0x08005358   0x08005358   0x00000044   Data   RO         3294    .conststring        usart.o
    0x0800539c   0x0800539c   0x00000042   Data   RO         3342    .conststring        tim.o
    0x080053de   0x080053de   0x00000002   PAD
    0x080053e0   0x080053e0   0x00000046   Data   RO         3427    .conststring        can.o
    0x08005426   0x08005426   0x00000002   PAD
    0x08005428   0x08005428   0x00000020   Data   RO         4218    Region$$Table       anon$$obj.o


    Execution Region RW_IRAM1 (Exec base: 0x20000000, Load base: 0x08005448, Size: 0x00000d40, Max: 0x00030000, ABSOLUTE, COMPRESSED[0x00000030])

    Exec Addr    Load Addr    Size         Type   Attr      Idx    E Section Name        Object

    0x20000000   COMPRESSED   0x0000000c   Data   RW         1956    .data               stm32f4xx_hal.o
    0x2000000c   COMPRESSED   0x00000004   Data   RW         3020    .data               main.o
    0x20000010   COMPRESSED   0x00000008   Data   RW         3021    .data               main.o
    0x20000018   COMPRESSED   0x000001d4   Data   RW         3428    .data               can.o
    0x200001ec   COMPRESSED   0x00000060   Data   RW         3578    .data               bsp_imu.o
    0x2000024c   COMPRESSED   0x00000004   Data   RW         3757    .data               system_stm32f4xx.o
    0x20000250   COMPRESSED   0x00000004   Data   RW         4195    .data               mc_w.l(errno.o)
    0x20000254        -       0x000001f4   Zero   RW         3019    .bss                main.o
    0x20000448        -       0x00000058   Zero   RW         3220    .bss                spi.o
    0x200004a0        -       0x000000e0   Zero   RW         3293    .bss                usart.o
    0x20000580        -       0x0000003c   Zero   RW         3341    .bss                tim.o
    0x200005bc        -       0x000002e8   Zero   RW         3425    .bss                can.o
    0x200008a4        -       0x0000001c   Zero   RW         3426    .bss                can.o
    0x200008c0        -       0x00000062   Zero   RW         3576    .bss                bsp_imu.o
    0x20000922        -       0x0000001c   Zero   RW         3699    .bss                bsp_uart.o
    0x2000093e   COMPRESSED   0x00000002   PAD
    0x20000940        -       0x00000400   Zero   RW         3549    STACK               startup_stm32f427xx.o


==============================================================================

Image component sizes


      Code (inc. data)   RO Data    RW Data    ZI Data      Debug   Object Name

      3396        220         20         96         98      13100   bsp_imu.o
       308         18          0          0         28       3215   bsp_uart.o
       764         62         70        468        772       9285   can.o
        44          4          0          0          0        942   dma.o
       244         24          0          0          0       1493   gpio.o
       514        146          0         12        500       4580   main.o
       168         38          0          0         88       1565   spi.o
        36          8        428          0       1024        792   startup_stm32f427xx.o
       180         28          0         12          0       4505   stm32f4xx_hal.o
      1662          6          0          0          0      14355   stm32f4xx_hal_can.o
       228         14          0          0          0      32053   stm32f4xx_hal_cortex.o
       898         16          8          0          0       6223   stm32f4xx_hal_dma.o
       478         52          0          0          0       3013   stm32f4xx_hal_gpio.o
       252         18          0          0          0       1568   stm32f4xx_hal_msp.o
      1276         86          0          0          0       5560   stm32f4xx_hal_rcc.o
         0          0          0          0          0     744204   stm32f4xx_hal_rcc_ex.o
       782          0          0          0          0       4365   stm32f4xx_hal_spi.o
       246         44          0          0          0       2697   stm32f4xx_hal_tim.o
        80          0          0          0          0       1272   stm32f4xx_hal_tim_ex.o
      1342         14          0          0          0       7327   stm32f4xx_hal_uart.o
       136         36          0          0          0       6840   stm32f4xx_it.o
        84         18         24          4          0       1131   system_stm32f4xx.o
       108         22         66          0         60       1838   tim.o
       364         64         68          0        224       2862   usart.o

    ----------------------------------------------------------------------
     13622        938        720        592       2796     874785   Object Totals
         0          0         32          0          0          0   (incl. Generated)
        32          0          4          0          2          0   (incl. Padding)

    ----------------------------------------------------------------------

      Code (inc. data)   RO Data    RW Data    ZI Data      Debug   Library Member Name

       864         94         80          0          0        280   asin.o
       744        106        152          0          0        352   atan.o
       496         64          0          0          0        192   atan2.o
       104         16          0          0          0        496   dunder.o
        44          0          0          0          0        248   fabs.o
        48          0          0          0          0        124   fpclassify.o
       248          0          0          0          0        152   poly.o
         0          0          8          0          0          0   qnan.o
       232          0          0          0          0        296   sqrt.o
        86          0          0          0          0          0   __dczerorl2.o
         0          0          0          0          0          0   entry.o
         0          0          0          0          0          0   entry10a.o
         0          0          0          0          0          0   entry11a.o
         8          4          0          0          0          0   entry2.o
         4          0          0          0          0          0   entry5.o
         0          0          0          0          0          0   entry7b.o
         0          0          0          0          0          0   entry8b.o
         8          4          0          0          0          0   entry9a.o
        12          6          0          4          0         68   errno.o
        30          0          0          0          0          0   handlers.o
        36          8          0          0          0         68   init.o
         0          0          0          0          0          0   iusefp.o
        30          0          0          0          0         68   llshl.o
        36          0          0          0          0         68   llsshr.o
        32          0          0          0          0         68   llushr.o
        36          0          0          0          0         68   memcpya.o
      2276         86          0          0          0        520   printfa.o
        44          0          0          0          0         80   uidiv.o
        98          0          0          0          0         92   uldiv.o
        48          0          0          0          0         68   cdrcmple.o
        56          0          0          0          0         88   d2f.o
       334          0          0          0          0        148   dadd.o
       222          0          0          0          0        100   ddiv.o
       186          0          0          0          0        176   depilogue.o
        48          0          0          0          0         68   dfixul.o
        34          0          0          0          0         76   dflti.o
       228          0          0          0          0         96   dmul.o
       162          0          0          0          0        100   dsqrt.o
        38          0          0          0          0         68   f2d.o
       110          0          0          0          0        168   fepilogue.o

    ----------------------------------------------------------------------
      6994        388        240          4          0       4396   Library Totals
        12          0          0          0          0          0   (incl. Padding)

    ----------------------------------------------------------------------

      Code (inc. data)   RO Data    RW Data    ZI Data      Debug   Library Name

      2780        280        240          0          0       2140   m_wm.l
      2736        108          0          4          0       1100   mc_w.l
      1466          0          0          0          0       1156   mf_w.l

    ----------------------------------------------------------------------
      6994        388        240          4          0       4396   Library Totals

    ----------------------------------------------------------------------

==============================================================================


      Code (inc. data)   RO Data    RW Data    ZI Data      Debug   

     20616       1326        960        596       2796     865721   Grand Totals
     20616       1326        960         48       2796     865721   ELF Image Totals (compressed)
     20616       1326        960         48          0          0   ROM Totals

==============================================================================

    Total RO  Size (Code + RO Data)                21576 (  21.07kB)
    Total RW  Size (RW Data + ZI Data)              3392 (   3.31kB)
    Total ROM Size (Code + RO Data + RW Data)      21624 (  21.12kB)

==============================================================================

